Component: ARM Compiler 5.06 update 7 (build 960) Tool: armlink [4d3601]

==============================================================================

Section Cross References

    startup_stm32f407xx.o(RESET) refers to startup_stm32f407xx.o(STACK) for __initial_sp
    startup_stm32f407xx.o(RESET) refers to startup_stm32f407xx.o(.text) for Reset_Handler
    startup_stm32f407xx.o(RESET) refers to stm32f4xx_it.o(i.NMI_Handler) for NMI_Handler
    startup_stm32f407xx.o(RESET) refers to stm32f4xx_it.o(i.HardFault_Handler) for HardFault_Handler
    startup_stm32f407xx.o(RESET) refers to stm32f4xx_it.o(i.MemManage_Handler) for MemManage_Handler
    startup_stm32f407xx.o(RESET) refers to stm32f4xx_it.o(i.BusFault_Handler) for BusFault_Handler
    startup_stm32f407xx.o(RESET) refers to stm32f4xx_it.o(i.UsageFault_Handler) for UsageFault_Handler
    startup_stm32f407xx.o(RESET) refers to stm32f4xx_it.o(i.SVC_Handler) for SVC_Handler
    startup_stm32f407xx.o(RESET) refers to stm32f4xx_it.o(i.DebugMon_Handler) for DebugMon_Handler
    startup_stm32f407xx.o(RESET) refers to stm32f4xx_it.o(i.PendSV_Handler) for PendSV_Handler
    startup_stm32f407xx.o(RESET) refers to stm32f4xx_it.o(i.SysTick_Handler) for SysTick_Handler
    startup_stm32f407xx.o(RESET) refers to stm32f4xx_it.o(i.RCC_IRQHandler) for RCC_IRQHandler
    startup_stm32f407xx.o(RESET) refers to stm32f4xx_it.o(i.USART1_IRQHandler) for USART1_IRQHandler
    startup_stm32f407xx.o(.text) refers to system_stm32f4xx.o(i.SystemInit) for SystemInit
    startup_stm32f407xx.o(.text) refers to entry.o(.ARM.Collect$$$$00000000) for __main
    main.o(i.HAL_UART_RxCpltCallback) refers to memseta.o(.text) for __aeabi_memclr
    main.o(i.HAL_UART_RxCpltCallback) refers to stm32f4xx_hal_uart.o(i.HAL_UART_Transmit) for HAL_UART_Transmit
    main.o(i.HAL_UART_RxCpltCallback) refers to stm32f4xx_hal_gpio.o(i.HAL_GPIO_WritePin) for HAL_GPIO_WritePin
    main.o(i.HAL_UART_RxCpltCallback) refers to main.o(i.modifyAction) for modifyAction
    main.o(i.HAL_UART_RxCpltCallback) refers to stm32f4xx_hal_uart.o(i.HAL_UART_Receive_IT) for HAL_UART_Receive_IT
    main.o(i.HAL_UART_RxCpltCallback) refers to main.o(.data) for .data
    main.o(i.HAL_UART_RxCpltCallback) refers to main.o(.bss) for .bss
    main.o(i.HAL_UART_RxCpltCallback) refers to usart.o(.bss) for huart1
    main.o(i.SystemClock_Config) refers to memseta.o(.text) for __aeabi_memclr4
    main.o(i.SystemClock_Config) refers to stm32f4xx_hal_rcc.o(i.HAL_RCC_OscConfig) for HAL_RCC_OscConfig
    main.o(i.SystemClock_Config) refers to stm32f4xx_hal_rcc.o(i.HAL_RCC_ClockConfig) for HAL_RCC_ClockConfig
    main.o(i.addItem) refers to strlen.o(.text) for strlen
    main.o(i.addItem) refers to main.o(i.isSign) for isSign
    main.o(i.addItem) refers to main.o(i.addSign) for addSign
    main.o(i.addItem) refers to main.o(i.checkNum) for checkNum
    main.o(i.addItem) refers to main.o(i.checkBracket) for checkBracket
    main.o(i.addItem) refers to strcat.o(.text) for strcat
    main.o(i.addItem) refers to strncat.o(.text) for strncat
    main.o(i.addItem) refers to main.o(i.printItem) for printItem
    main.o(i.addItem) refers to main.o(i.backItem) for backItem
    main.o(i.addItem) refers to main.o(i.overItemCount) for overItemCount
    main.o(i.addItem) refers to main.o(i.errorInput) for errorInput
    main.o(i.addItem) refers to main.o(.bss) for .bss
    main.o(i.addSign) refers to strlen.o(.text) for strlen
    main.o(i.addSign) refers to strcat.o(.text) for strcat
    main.o(i.addSign) refers to main.o(.bss) for .bss
    main.o(i.backItem) refers to strlen.o(.text) for strlen
    main.o(i.backItem) refers to main.o(.bss) for .bss
    main.o(i.checkBracket) refers to strlen.o(.text) for strlen
    main.o(i.checkBracket) refers to main.o(.bss) for .bss
    main.o(i.checkNum) refers to strlen.o(.text) for strlen
    main.o(i.checkNum) refers to main.o(.bss) for .bss
    main.o(i.clearAll) refers to main.o(i.initItem) for initItem
    main.o(i.clearAll) refers to main.o(i.clearPrint) for clearPrint
    main.o(i.clearPrint) refers to printfa.o(i.__0printf) for __2printf
    main.o(i.errorInput) refers to main.o(i.initItem) for initItem
    main.o(i.errorInput) refers to printfa.o(i.__0printf) for __2printf
    main.o(i.fputc) refers to stm32f4xx_hal_uart.o(i.HAL_UART_Transmit) for HAL_UART_Transmit
    main.o(i.fputc) refers to usart.o(.bss) for huart1
    main.o(i.initItem) refers to main.o(.bss) for .bss
    main.o(i.main) refers to stm32f4xx_hal.o(i.HAL_Init) for HAL_Init
    main.o(i.main) refers to main.o(i.SystemClock_Config) for SystemClock_Config
    main.o(i.main) refers to gpio.o(i.MX_GPIO_Init) for MX_GPIO_Init
    main.o(i.main) refers to usart.o(i.MX_USART1_UART_Init) for MX_USART1_UART_Init
    main.o(i.main) refers to stm32f4xx_hal_gpio.o(i.HAL_GPIO_WritePin) for HAL_GPIO_WritePin
    main.o(i.main) refers to main.o(i.initItem) for initItem
[...]

    ../Core/Src/gpio.c                       0x00000000   Number         0  gpio.o ABSOLUTE
    ../Core/Src/main.c                       0x00000000   Number         0  main.o ABSOLUTE
    ../Core/Src/stm32f4xx_hal_msp.c          0x00000000   Number         0  stm32f4xx_hal_msp.o ABSOLUTE
    ../Core/Src/stm32f4xx_it.c               0x00000000   Number         0  stm32f4xx_it.o ABSOLUTE
    ../Core/Src/system_stm32f4xx.c           0x00000000   Number         0  system_stm32f4xx.o ABSOLUTE
    ../Core/Src/usart.c                      0x00000000   Number         0  usart.o ABSOLUTE
    ../Drivers/STM32F4xx_HAL_Driver/Src/stm32f4xx_hal.c 0x00000000   Number         0  stm32f4xx_hal.o ABSOLUTE
    ../Drivers/STM32F4xx_HAL_Driver/Src/stm32f4xx_hal_cortex.c 0x00000000   Number         0  stm32f4xx_hal_cortex.o ABSOLUTE
    ../Drivers/STM32F4xx_HAL_Driver/Src/stm32f4xx_hal_dma.c 0x00000000   Number         0  stm32f4xx_hal_dma.o ABSOLUTE
    ../Drivers/STM32F4xx_HAL_Driver/Src/stm32f4xx_hal_dma_ex.c 0x00000000   Number         0  stm32f4xx_hal_dma_ex.o ABSOLUTE
    ../Drivers/STM32F4xx_HAL_Driver/Src/stm32f4xx_hal_exti.c 0x00000000   Number         0  stm32f4xx_hal_exti.o ABSOLUTE
    ../Drivers/STM32F4xx_HAL_Driver/Src/stm32f4xx_hal_flash.c 0x00000000   Number         0  stm32f4xx_hal_flash.o ABSOLUTE
    ../Drivers/STM32F4xx_HAL_Driver/Src/stm32f4xx_hal_flash_ex.c 0x00000000   Number         0  stm32f4xx_hal_flash_ex.o ABSOLUTE
    ../Drivers/STM32F4xx_HAL_Driver/Src/stm32f4xx_hal_flash_ramfunc.c 0x00000000   Number         0  stm32f4xx_hal_flash_ramfunc.o ABSOLUTE
    ../Drivers/STM32F4xx_HAL_Driver/Src/stm32f4xx_hal_gpio.c 0x00000000   Number         0  stm32f4xx_hal_gpio.o ABSOLUTE
    ../Drivers/STM32F4xx_HAL_Driver/Src/stm32f4xx_hal_pwr.c 0x00000000   Number         0  stm32f4xx_hal_pwr.o ABSOLUTE
    ../Drivers/STM32F4xx_HAL_Driver/Src/stm32f4xx_hal_pwr_ex.c 0x00000000   Number         0  stm32f4xx_hal_pwr_ex.o ABSOLUTE
    ../Drivers/STM32F4xx_HAL_Driver/Src/stm32f4xx_hal_rcc.c 0x00000000   Number         0  stm32f4xx_hal_rcc.o ABSOLUTE
    ../Drivers/STM32F4xx_HAL_Driver/Src/stm32f4xx_hal_rcc_ex.c 0x00000000   Number         0  stm32f4xx_hal_rcc_ex.o ABSOLUTE
    ../Drivers/STM32F4xx_HAL_Driver/Src/stm32f4xx_hal_tim.c 0x00000000   Number         0  stm32f4xx_hal_tim.o ABSOLUTE
    ../Drivers/STM32F4xx_HAL_Driver/Src/stm32f4xx_hal_tim_ex.c 0x00000000   Number         0  stm32f4xx_hal_tim_ex.o ABSOLUTE
    ../Drivers/STM32F4xx_HAL_Driver/Src/stm32f4xx_hal_uart.c 0x00000000   Number         0  stm32f4xx_hal_uart.o ABSOLUTE
    ../clib/microlib/division.c              0x00000000   Number         0  uidiv.o ABSOLUTE
    ../clib/microlib/division.c              0x00000000   Number         0  uldiv.o ABSOLUTE
    ../clib/microlib/errno.c                 0x00000000   Number         0  errno.o ABSOLUTE
    ../clib/microlib/init/entry.s            0x00000000   Number         0  entry8b.o ABSOLUTE
    ../clib/microlib/init/entry.s            0x00000000   Number         0  entry2.o ABSOLUTE
    ../clib/microlib/init/entry.s            0x00000000   Number         0  entry7b.o ABSOLUTE
    ../clib/microlib/init/entry.s            0x00000000   Number         0  entry7a.o ABSOLUTE
    ../clib/microlib/init/entry.s            0x00000000   Number         0  entry5.o ABSOLUTE
    ../clib/microlib/init/entry.s            0x00000000   Number         0  entry.o ABSOLUTE
    ../clib/microlib/init/entry.s            0x00000000   Number         0  entry12b.o ABSOLUTE
    ../clib/microlib/init/entry.s            0x00000000   Number         0  entry11b.o ABSOLUTE
    ../clib/microlib/init/entry.s            0x00000000   Number         0  entry12a.o ABSOLUTE
    ../clib/microlib/init/entry.s            0x00000000   Number         0  entry11a.o ABSOLUTE
    ../clib/microlib/init/entry.s            0x00000000   Number         0  entry10b.o ABSOLUTE
    ../clib/microlib/init/entry.s            0x00000000   Number         0  entry10a.o ABSOLUTE
    ../clib/microlib/init/entry.s            0x00000000   Number         0  entry9b.o ABSOLUTE
    ../clib/microlib/init/entry.s            0x00000000   Number         0  entry9a.o ABSOLUTE
    ../clib/microlib/init/entry.s            0x00000000   Number         0  entry8a.o ABSOLUTE
    ../clib/microlib/longlong.c              0x00000000   Number         0  llsshr.o ABSOLUTE
    ../clib/microlib/longlong.c              0x00000000   Number         0  llushr.o ABSOLUTE
    ../clib/microlib/longlong.c              0x00000000   Number         0  llshl.o ABSOLUTE
    ../clib/microlib/printf/printf.c         0x00000000   Number         0  printf7.o ABSOLUTE
    ../clib/microlib/printf/printf.c         0x00000000   Number         0  printf6.o ABSOLUTE
    ../clib/microlib/printf/printf.c         0x00000000   Number         0  printf5.o ABSOLUTE
    ../clib/microlib/printf/printf.c         0x00000000   Number         0  printf4.o ABSOLUTE
    ../clib/microlib/printf/printf.c         0x00000000   Number         0  printf1.o ABSOLUTE
    ../clib/microlib/printf/printf.c         0x00000000   Number         0  printf0.o ABSOLUTE
    ../clib/microlib/printf/printf.c         0x00000000   Number         0  printfb.o ABSOLUTE
    ../clib/microlib/printf/printf.c         0x00000000   Number         0  printf2.o ABSOLUTE
    ../clib/microlib/printf/printf.c         0x00000000   Number         0  printf3.o ABSOLUTE
    ../clib/microlib/printf/printf.c         0x00000000   Number         0  printfa.o ABSOLUTE
    ../clib/microlib/printf/printf.c         0x00000000   Number         0  printf8.o ABSOLUTE
    ../clib/microlib/printf/stubs.s          0x00000000   Number         0  stubs.o ABSOLUTE
    ../clib/microlib/stdio/streams.c         0x00000000   Number         0  stdout.o ABSOLUTE
    ../clib/microlib/string/memcpy.c         0x00000000   Number         0  memcpya.o ABSOLUTE
    ../clib/microlib/string/memcpy.c         0x00000000   Number         0  memcpyb.o ABSOLUTE
    ../clib/microlib/string/memset.c         0x00000000   Number         0  memseta.o ABSOLUTE
    ../clib/microlib/string/strcat.c         0x00000000   Number         0  strcat.o ABSOLUTE
    ../clib/microlib/string/strcpy.c         0x00000000   Number         0  strcpy.o ABSOLUTE
    ../clib/microlib/string/strlen.c         0x00000000   Number         0  strlen.o ABSOLUTE
    ../clib/microlib/string/strncat.c        0x00000000   Number         0  strncat.o ABSOLUTE
    ../clib/microlib/stubs.s                 0x00000000   Number         0  iusefp.o ABSOLUTE
    ../fplib/microlib/fpadd.c                0x00000000   Number         0  dadd.o ABSOLUTE
    ../fplib/microlib/fpdiv.c                0x00000000   Number         0  ddiv.o ABSOLUTE
    ../fplib/microlib/fpepilogue.c           0x00000000   Number         0  depilogue.o ABSOLUTE
    ../fplib/microlib/fpfix.c                0x00000000   Number         0  dfixul.o ABSOLUTE
    ../fplib/microlib/fpfix.c                0x00000000   Number         0  dfixi.o ABSOLUTE
    ../fplib/microlib/fpflt.c                0x00000000   Number         0  dflti.o ABSOLUTE
    ../fplib/microlib/fpflt.c                0x00000000   Number         0  dfltui.o ABSOLUTE
    ../fplib/microlib/fpmul.c                0x00000000   Number         0  dmul.o ABSOLUTE
    ../fplib/microlib/fpneg.c                0x00000000   Number         0  dneg.o ABSOLUTE
    ../fplib/microlib/fpscalb.c              0x00000000   Number         0  dscalb.o ABSOLUTE
    ../fplib/microlib/fpsqrt.c               0x00000000   Number         0  dsqrt.o ABSOLUTE
    ../mathlib/acos.c                        0x00000000   Number         0  acos_x.o ABSOLUTE
    ../mathlib/acos.c                        0x00000000   Number         0  acos.o ABSOLUTE
    ../mathlib/asin.c                        0x00000000   Number         0  asin_x.o ABSOLUTE
    ../mathlib/asin.c                        0x00000000   Number         0  asin.o ABSOLUTE
    ../mathlib/atan.c                        0x00000000   Number         0  atan.o ABSOLUTE
    ../mathlib/atan.c                        0x00000000   Number         0  atan_x.o ABSOLUTE
    ../mathlib/cos.c                         0x00000000   Number         0  cos.o ABSOLUTE
    ../mathlib/cos.c                         0x00000000   Number         0  cos_x.o ABSOLUTE
    ../mathlib/cos_i.c                       0x00000000   Number         0  cos_i.o ABSOLUTE
    ../mathlib/dunder.c                      0x00000000   Number         0  dunder.o ABSOLUTE
    ../mathlib/fabs.c                        0x00000000   Number         0  fabs.o ABSOLUTE
    ../mathlib/fpclassify.c                  0x00000000   Number         0  fpclassify.o ABSOLUTE
    ../mathlib/log.c                         0x00000000   Number         0  log.o ABSOLUTE
    ../mathlib/log.c                         0x00000000   Number         0  log_x.o ABSOLUTE
    ../mathlib/log10.c                       0x00000000   Number         0  log10.o ABSOLUTE
    ../mathlib/log10.c                       0x00000000   Number         0  log10_x.o ABSOLUTE
    ../mathlib/poly.c                        0x00000000   Number         0  poly.o ABSOLUTE
    ../mathlib/pow.c                         0x00000000   Number         0  pow_x.o ABSOLUTE
    ../mathlib/pow.c                         0x00000000   Number         0  pow.o ABSOLUTE
    ../mathlib/qnan.c                        0x00000000   Number         0  qnan.o ABSOLUTE
    ../mathlib/rred.c                        0x00000000   Number         0  rred.o ABSOLUTE
    ../mathlib/sin.c                         0x00000000   Number         0  sin_x.o ABSOLUTE
    ../mathlib/sin.c                         0x00000000   Number         0  sin.o ABSOLUTE
    ../mathlib/sin_i.c                       0x00000000   Number         0  sin_i.o ABSOLUTE
    ../mathlib/sin_i.c                       0x00000000   Number         0  sin_i_x.o ABSOLUTE
    ../mathlib/sqrt.c                        0x00000000   Number         0  sqrt.o ABSOLUTE
    ../mathlib/sqrt.c                        0x00000000   Number         0  sqrt_x.o ABSOLUTE
    ../mathlib/tan.c                         0x00000000   Number         0  tan.o ABSOLUTE
    ../mathlib/tan.c                         0x00000000   Number         0  tan_x.o ABSOLUTE
    ../mathlib/tan_i.c                       0x00000000   Number         0  tan_i.o ABSOLUTE
    ../mathlib/tan_i.c                       0x00000000   Number         0  tan_i_x.o ABSOLUTE
    ..\Core\Src\calculate.c                  0x00000000   Number         0  calculate.o ABSOLUTE
    ..\Core\Src\gpio.c                       0x00000000   Number         0  gpio.o ABSOLUTE
    ..\Core\Src\main.c                       0x00000000   Number         0  main.o ABSOLUTE
    ..\Core\Src\stm32f4xx_hal_msp.c          0x00000000   Number         0  stm32f4xx_hal_msp.o ABSOLUTE
    ..\Core\Src\stm32f4xx_it.c               0x00000000   Number         0  stm32f4xx_it.o ABSOLUTE
    ..\Core\Src\system_stm32f4xx.c           0x00000000   Number         0  system_stm32f4xx.o ABSOLUTE
    ..\Core\Src\usart.c                      0x00000000   Number         0  usart.o ABSOLUTE
    ..\Drivers\STM32F4xx_HAL_Driver\Src\stm32f4xx_hal.c 0x00000000   Number         0  stm32f4xx_hal.o ABSOLUTE
    ..\Drivers\STM32F4xx_HAL_Driver\Src\stm32f4xx_hal_cortex.c 0x00000000   Number         0  stm32f4xx_hal_cortex.o ABSOLUTE
    ..\Drivers\STM32F4xx_HAL_Driver\Src\stm32f4xx_hal_dma.c 0x00000000   Number         0  stm32f4xx_hal_dma.o ABSOLUTE
    ..\Drivers\STM32F4xx_HAL_Driver\Src\stm32f4xx_hal_dma_ex.c 0x00000000   Number         0  stm32f4xx_hal_dma_ex.o ABSOLUTE
    ..\Drivers\STM32F4xx_HAL_Driver\Src\stm32f4xx_hal_exti.c 0x00000000   Number         0  stm32f4xx_hal_exti.o ABSOLUTE
    ..\Drivers\STM32F4xx_HAL_Driver\Src\stm32f4xx_hal_flash.c 0x00000000   Number         0  stm32f4xx_hal_flash.o ABSOLUTE
    ..\Drivers\STM32F4xx_HAL_Driver\Src\stm32f4xx_hal_flash_ex.c 0x00000000   Number         0  stm32f4xx_hal_flash_ex.o ABSOLUTE
    ..\Drivers\STM32F4xx_HAL_Driver\Src\stm32f4xx_hal_flash_ramfunc.c 0x00000000   Number         0  stm32f4xx_hal_flash_ramfunc.o ABSOLUTE
    ..\Drivers\STM32F4xx_HAL_Driver\Src\stm32f4xx_hal_gpio.c 0x00000000   Number         0  stm32f4xx_hal_gpio.o ABSOLUTE
    ..\Drivers\STM32F4xx_HAL_Driver\Src\stm32f4xx_hal_pwr.c 0x00000000   Number         0  stm32f4xx_hal_pwr.o ABSOLUTE
    ..\Drivers\STM32F4xx_HAL_Driver\Src\stm32f4xx_hal_pwr_ex.c 0x00000000   Number         0  stm32f4xx_hal_pwr_ex.o ABSOLUTE
    ..\Drivers\STM32F4xx_HAL_Driver\Src\stm32f4xx_hal_rcc.c 0x00000000   Number         0  stm32f4xx_hal_rcc.o ABSOLUTE
    ..\Drivers\STM32F4xx_HAL_Driver\Src\stm32f4xx_hal_rcc_ex.c 0x00000000   Number         0  stm32f4xx_hal_rcc_ex.o ABSOLUTE
    ..\Drivers\STM32F4xx_HAL_Driver\Src\stm32f4xx_hal_tim.c 0x00000000   Number         0  stm32f4xx_hal_tim.o ABSOLUTE
    ..\Drivers\STM32F4xx_HAL_Driver\Src\stm32f4xx_hal_tim_ex.c 0x00000000   Number         0  stm32f4xx_hal_tim_ex.o ABSOLUTE
    ..\Drivers\STM32F4xx_HAL_Driver\Src\stm32f4xx_hal_uart.c 0x00000000   Number         0  stm32f4xx_hal_uart.o ABSOLUTE
    cdcmple.s                                0x00000000   Number         0  cdcmple.o ABSOLUTE
    cdrcmple.s                               0x00000000   Number         0  cdrcmple.o ABSOLUTE
    dc.s                                     0x00000000   Number         0  dc.o ABSOLUTE
    handlers.s                               0x00000000   Number         0  handlers.o ABSOLUTE
    init.s                                   0x00000000   Number         0  init.o ABSOLUTE
    startup_stm32f407xx.s                    0x00000000   Number         0  startup_stm32f407xx.o ABSOLUTE
    RESET                                    0x08000000   Section      392  startup_stm32f407xx.o(RESET)
    .ARM.Collect$$$$00000000                 0x08000188   Section        0  entry.o(.ARM.Collect$$$$00000000)
    .ARM.Collect$$$$00000001                 0x08000188   Section        4  entry2.o(.ARM.Collect$$$$00000001)
    .ARM.Collect$$$$00000004                 0x0800018c   Section        4  entry5.o(.ARM.Collect$$$$00000004)
    .ARM.Collect$$$$00000008                 0x08000190   Section        0  entry7b.o(.ARM.Collect$$$$00000008)
    .ARM.Collect$$$$0000000A                 0x08000190   Section        0  entry8b.o(.ARM.Collect$$$$0000000A)
    .ARM.Collect$$$$0000000B                 0x08000190   Section        8  entry9a.o(.ARM.Collect$$$$0000000B)
    .ARM.Collect$$$$0000000E                 0x08000198   Section        4  entry12b.o(.ARM.Collect$$$$0000000E)
    .ARM.Collect$$$$0000000F                 0x0800019c   Section        0  entry10a.o(.ARM.Collect$$$$0000000F)
    .ARM.Collect$$$$00000011                 0x0800019c   Section        0  entry11a.o(.ARM.Collect$$$$00000011)
    .ARM.Collect$$$$00002712                 0x0800019c   Section        4  entry2.o(.ARM.Collect$$$$00002712)
    __lit__00000000                          0x0800019c   Data           4  entry2.o(.ARM.Collect$$$$00002712)
    .text                                    0x080001a0   Section       36  startup_stm32f407xx.o(.text)
    $v0                                      0x080001a0   Number         0  startup_stm32f407xx.o(.text)
    .text                                    0x080001c4   Section        0  uldiv.o(.text)
    .text                                    0x08000226   Section        0  memcpya.o(.text)
    .text                                    0x0800024a   Section        0  memseta.o(.text)
    .text                                    0x0800026e   Section        0  strcat.o(.text)
    .text                                    0x08000286   Section        0  strlen.o(.text)
    .text                                    0x08000294   Section        0  strncat.o(.text)
    .text                                    0x080002bc   Section        0  strcpy.o(.text)
    .text                                    0x080002ce   Section        0  dadd.o(.text)
    .text                                    0x0800041c   Section        0  dmul.o(.text)
    .text                                    0x08000500   Section        0  ddiv.o(.text)
    .text                                    0x080005de   Section        0  dflti.o(.text)
    .text                                    0x08000600   Section        0  dfltui.o(.text)
    .text                                    0x0800061c   Section       48  cdcmple.o(.text)
    .text                                    0x0800064c   Section       48  cdrcmple.o(.text)
    .text                                    0x0800067c   Section        0  uidiv.o(.text)
    .text                                    0x080006a8   Section        0  llshl.o(.text)
    .text                                    0x080006c6   Section        0  llushr.o(.text)
    .text                                    0x080006e6   Section        0  llsshr.o(.text)
    .text                                    0x0800070a   Section        0  depilogue.o(.text)
    .text                                    0x0800070a   Section        0  iusefp.o(.text)
    .text                                    0x080007c4   Section        0  dscalb.o(.text)
    .text                                    0x080007f2   Section        0  dfixul.o(.text)
    .text                                    0x08000824   Section       36  init.o(.text)
    .text                                    0x08000848   Section        0  dsqrt.o(.text)
    .text                                    0x080008ea   Section        0  dfixi.o(.text)
    i.BusFault_Handler                       0x08000928   Section        0  stm32f4xx_it.o(i.BusFault_Handler)
    i.DebugMon_Handler                       0x0800092a   Section        0  stm32f4xx_it.o(i.DebugMon_Handler)
    i.Error_Handler                          0x0800092c   Section        0  main.o(i.Error_Handler)
    i.HAL_DMA_Abort                          0x08000930   Section        0  stm32f4xx_hal_dma.o(i.HAL_DMA_Abort)
    i.HAL_DMA_Abort_IT                       0x080009c2   Section        0  stm32f4xx_hal_dma.o(i.HAL_DMA_Abort_IT)
    i.HAL_GPIO_Init                          0x080009e8   Section        0  stm32f4xx_hal_gpio.o(i.HAL_GPIO_Init)
    i.HAL_GPIO_WritePin                      0x08000bd8   Section        0  stm32f4xx_hal_gpio.o(i.HAL_GPIO_WritePin)
    i.HAL_GetTick                            0x08000be4   Section        0  stm32f4xx_hal.o(i.HAL_GetTick)
    i.HAL_IncTick                            0x08000bf0   Section        0  stm32f4xx_hal.o(i.HAL_IncTick)
    i.HAL_Init                               0x08000c00   Section        0  stm32f4xx_hal.o(i.HAL_Init)
    i.HAL_InitTick                           0x08000c34   Section        0  stm32f4xx_hal.o(i.HAL_InitTick)
    i.HAL_MspInit                            0x08000c74   Section        0  stm32f4xx_hal_msp.o(i.HAL_MspInit)
    i.HAL_NVIC_EnableIRQ                     0x08000cb4   Section        0  stm32f4xx_hal_cortex.o(i.HAL_NVIC_EnableIRQ)
    i.HAL_NVIC_SetPriority                   0x08000cd0   Section        0  stm32f4xx_hal_cortex.o(i.HAL_NVIC_SetPriority)
    i.HAL_NVIC_SetPriorityGrouping           0x08000d10   Section        0  stm32f4xx_hal_cortex.o(i.HAL_NVIC_SetPriorityGrouping)
    i.HAL_RCC_ClockConfig                    0x08000d34   Section        0  stm32f4xx_hal_rcc.o(i.HAL_RCC_ClockConfig)
    i.HAL_RCC_GetPCLK1Freq                   0x08000e68   Section        0  stm32f4xx_hal_rcc.o(i.HAL_RCC_GetPCLK1Freq)
    i.HAL_RCC_GetPCLK2Freq                   0x08000e88   Section        0  stm32f4xx_hal_rcc.o(i.HAL_RCC_GetPCLK2Freq)
    i.HAL_RCC_GetSysClockFreq                0x08000ea8   Section        0  stm32f4xx_hal_rcc.o(i.HAL_RCC_GetSysClockFreq)
    i.HAL_RCC_OscConfig                      0x08000f0c   Section        0  stm32f4xx_hal_rcc.o(i.HAL_RCC_OscConfig)
    i.HAL_SYSTICK_Config                     0x08001278   Section        0  stm32f4xx_hal_cortex.o(i.HAL_SYSTICK_Config)
    i.HAL_UARTEx_RxEventCallback             0x080012a0   Section        0  stm32f4xx_hal_uart.o(i.HAL_UARTEx_RxEventCallback)
    i.HAL_UART_ErrorCallback                 0x080012a2   Section        0  stm32f4xx_hal_uart.o(i.HAL_UART_ErrorCallback)
    i.HAL_UART_IRQHandler                    0x080012a4   Section        0  stm32f4xx_hal_uart.o(i.HAL_UART_IRQHandler)
    i.HAL_UART_Init                          0x0800150c   Section        0  stm32f4xx_hal_uart.o(i.HAL_UART_Init)
    i.HAL_UART_MspInit                       0x08001570   Section        0  usart.o(i.HAL_UART_MspInit)
    i.HAL_UART_Receive_IT                    0x080015ec   Section        0  stm32f4xx_hal_uart.o(i.HAL_UART_Receive_IT)
    i.HAL_UART_RxCpltCallback                0x08001618   Section        0  main.o(i.HAL_UART_RxCpltCallback)
    i.HAL_UART_Transmit                      0x080016c4   Section        0  stm32f4xx_hal_uart.o(i.HAL_UART_Transmit)
    i.HAL_UART_TxCpltCallback                0x08001776   Section        0  stm32f4xx_hal_uart.o(i.HAL_UART_TxCpltCallback)
    i.HardFault_Handler                      0x08001778   Section        0  stm32f4xx_it.o(i.HardFault_Handler)
    i.MX_GPIO_Init                           0x0800177c   Section        0  gpio.o(i.MX_GPIO_Init)
    i.MX_USART1_UART_Init                    0x080017d8   Section        0  usart.o(i.MX_USART1_UART_Init)
    i.MemManage_Handler                      0x08001810   Section        0  stm32f4xx_it.o(i.MemManage_Handler)
    i.NMI_Handler                            0x08001812   Section        0  stm32f4xx_it.o(i.NMI_Handler)
    i.PendSV_Handler                         0x08001814   Section        0  stm32f4xx_it.o(i.PendSV_Handler)
    i.RCC_IRQHandler                         0x08001816   Section        0  stm32f4xx_it.o(i.RCC_IRQHandler)
    i.SVC_Handler                            0x08001818   Section        0  stm32f4xx_it.o(i.SVC_Handler)
    i.SysTick_Handler                        0x0800181a   Section        0  stm32f4xx_it.o(i.SysTick_Handler)
    i.SystemClock_Config                     0x08001820   Section        0  main.o(i.SystemClock_Config)
    i.SystemInit                             0x080018b0   Section        0  system_stm32f4xx.o(i.SystemInit)
    i.UART_DMAAbortOnError                   0x080018c0   Section        0  stm32f4xx_hal_uart.o(i.UART_DMAAbortOnError)
    UART_DMAAbortOnError                     0x080018c1   Thumb Code    16  stm32f4xx_hal_uart.o(i.UART_DMAAbortOnError)
    i.UART_EndRxTransfer                     0x080018d0   Section        0  stm32f4xx_hal_uart.o(i.UART_EndRxTransfer)
    UART_EndRxTransfer                       0x080018d1   Thumb Code    78  stm32f4xx_hal_uart.o(i.UART_EndRxTransfer)
    i.UART_Receive_IT                        0x0800191e   Section        0  stm32f4xx_hal_uart.o(i.UART_Receive_IT)
    UART_Receive_IT                          0x0800191f   Thumb Code   192  stm32f4xx_hal_uart.o(i.UART_Receive_IT)
    i.UART_SetConfig                         0x080019e0   Section        0  stm32f4xx_hal_uart.o(i.UART_SetConfig)
    UART_SetConfig                           0x080019e1   Thumb Code   258  stm32f4xx_hal_uart.o(i.UART_SetConfig)
    i.UART_Start_Receive_IT                  0x08001aec   Section        0  stm32f4xx_hal_uart.o(i.UART_Start_Receive_IT)
    i.UART_WaitOnFlagUntilTimeout            0x08001b22   Section        0  stm32f4xx_hal_uart.o(i.UART_WaitOnFlagUntilTimeout)
    UART_WaitOnFlagUntilTimeout              0x08001b23   Thumb Code   120  stm32f4xx_hal_uart.o(i.UART_WaitOnFlagUntilTimeout)
    i.USART1_IRQHandler                      0x08001b9c   Section        0  stm32f4xx_it.o(i.USART1_IRQHandler)
    i.UsageFault_Handler                     0x08001ba8   Section        0  stm32f4xx_it.o(i.UsageFault_Handler)
    i.__0printf                              0x08001bac   Section        0  printfa.o(i.__0printf)
    i.__0sprintf                             0x08001bcc   Section        0  printfa.o(i.__0sprintf)
    i.__ARM_fpclassify                       0x08001bf4   Section        0  fpclassify.o(i.__ARM_fpclassify)
    i.__NVIC_SetPriority                     0x08001c24   Section        0  stm32f4xx_hal_cortex.o(i.__NVIC_SetPriority)
    __NVIC_SetPriority                       0x08001c25   Thumb Code    32  stm32f4xx_hal_cortex.o(i.__NVIC_SetPriority)
    i.__hardfp_acos                          0x08001c48   Section        0  acos.o(i.__hardfp_acos)
    i.__hardfp_asin                          0x08001fa0   Section        0  asin.o(i.__hardfp_asin)
    i.__hardfp_atan                          0x08002300   Section        0  atan.o(i.__hardfp_atan)
    i.__hardfp_cos                           0x080025d8   Section        0  cos.o(i.__hardfp_cos)
    i.__hardfp_log                           0x080026a0   Section        0  log.o(i.__hardfp_log)
    i.__hardfp_log10                         0x08002a68   Section        0  log10.o(i.__hardfp_log10)
    i.__hardfp_pow                           0x08002b98   Section        0  pow.o(i.__hardfp_pow)
    i.__hardfp_sin                           0x080037e8   Section        0  sin.o(i.__hardfp_sin)
    i.__hardfp_tan                           0x080038b0   Section        0  tan.o(i.__hardfp_tan)
    i.__ieee754_rem_pio2                     0x08003930   Section        0  rred.o(i.__ieee754_rem_pio2)
    i.__kernel_cos                           0x08003d68   Section        0  cos_i.o(i.__kernel_cos)
    i.__kernel_poly                          0x08003ed8   Section        0  poly.o(i.__kernel_poly)
    i.__kernel_sin                           0x08003fd0   Section        0  sin_i.o(i.__kernel_sin)
    i.__kernel_tan                           0x08004100   Section        0  tan_i.o(i.__kernel_tan)
    i.__mathlib_dbl_divzero                  0x08004450   Section        0  dunder.o(i.__mathlib_dbl_divzero)
    i.__mathlib_dbl_infnan                   0x08004480   Section        0  dunder.o(i.__mathlib_dbl_infnan)
    i.__mathlib_dbl_infnan2                  0x08004494   Section        0  dunder.o(i.__mathlib_dbl_infnan2)
    i.__mathlib_dbl_invalid                  0x080044a8   Section        0  dunder.o(i.__mathlib_dbl_invalid)
    i.__mathlib_dbl_overflow                 0x080044c8   Section        0  dunder.o(i.__mathlib_dbl_overflow)
    i.__mathlib_dbl_underflow                0x080044e8   Section        0  dunder.o(i.__mathlib_dbl_underflow)
    i.__scatterload_copy                     0x08004508   Section       14  handlers.o(i.__scatterload_copy)
    i.__scatterload_null                     0x08004516   Section        2  handlers.o(i.__scatterload_null)
    i.__scatterload_zeroinit                 0x08004518   Section       14  handlers.o(i.__scatterload_zeroinit)
    i.__set_errno                            0x08004528   Section        0  errno.o(i.__set_errno)
    i._fp_digits                             0x08004534   Section        0  printfa.o(i._fp_digits)
    _fp_digits                               0x08004535   Thumb Code   366  printfa.o(i._fp_digits)
    i._printf_core                           0x080046b8   Section        0  printfa.o(i._printf_core)
    _printf_core                             0x080046b9   Thumb Code  1704  printfa.o(i._printf_core)
    i._printf_post_padding                   0x08004d6c   Section        0  printfa.o(i._printf_post_padding)
    _printf_post_padding                     0x08004d6d   Thumb Code    36  printfa.o(i._printf_post_padding)
    i._printf_pre_padding                    0x08004d90   Section        0  printfa.o(i._printf_pre_padding)
    _printf_pre_padding                      0x08004d91   Thumb Code    46  printfa.o(i._printf_pre_padding)
    i._sputc                                 0x08004dbe   Section        0  printfa.o(i._sputc)
    _sputc                                   0x08004dbf   Thumb Code    10  printfa.o(i._sputc)
    i.addItem                                0x08004dc8   Section        0  main.o(i.addItem)
    i.addSign                                0x08004f64   Section        0  main.o(i.addSign)
    i.backItem                               0x08004fa4   Section        0  main.o(i.backItem)
    i.calculate                              0x08005018   Section        0  calculate.o(i.calculate)
    i.checkBracket                           0x080051c0   Section        0  main.o(i.checkBracket)
    i.checkNum                               0x080051e0   Section        0  main.o(i.checkNum)
    i.clearAll                               0x08005204   Section        0  main.o(i.clearAll)
    i.clearPrint                             0x08005214   Section        0  main.o(i.clearPrint)
    i.cmp                                    0x0800522c   Section        0  calculate.o(i.cmp)
    i.cutFloatEndZero                        0x0800524c   Section        0  calculate.o(i.cutFloatEndZero)
    i.dclt                                   0x080052c4   Section        0  calculate.o(i.dclt)
    i.errorInput                             0x080053d4   Section        0  main.o(i.errorInput)
    i.fabs                                   0x080053fc   Section        0  fabs.o(i.fabs)
    i.fputc                                  0x08005414   Section        0  main.o(i.fputc)
    i.initItem                               0x0800542c   Section        0  main.o(i.initItem)
    i.input                                  0x08005444   Section        0  calculate.o(i.input)
    i.isSign                                 0x0800548a   Section        0  main.o(i.isSign)
    i.log                                    0x080054ae   Section        0  log.o(i.log)
    i.main                                   0x080054c0   Section        0  main.o(i.main)
    i.modifyAction                           0x08005504   Section        0  main.o(i.modifyAction)
    i.overItemCount                          0x080055f8   Section        0  main.o(i.overItemCount)
    i.prid                                   0x08005620   Section        0  calculate.o(i.prid)
    i.printItem                              0x08005650   Section        0  main.o(i.printItem)
    i.printResult                            0x0800566c   Section        0  main.o(i.printResult)
    i.sclt                                   0x080056e4   Section        0  calculate.o(i.sclt)
    i.sqrt                                   0x080058a4   Section        0  sqrt.o(i.sqrt)
    i.startCalculate                         0x08005914   Section        0  calculate.o(i.startCalculate)
    i.translate                              0x08005a00   Section        0  calculate.o(i.translate)
    i.translateopd                           0x08005a84   Section        0  calculate.o(i.translateopd)
    i.translateopt                           0x08005b64   Section        0  calculate.o(i.translateopt)
    .constdata                               0x08005bc4   Section      160  calculate.o(.constdata)
    .constdata                               0x08005c64   Section       16  system_stm32f4xx.o(.constdata)
    .constdata                               0x08005c74   Section        8  system_stm32f4xx.o(.constdata)
    .constdata                               0x08005c80   Section       80  acos.o(.constdata)
    pS                                       0x08005c80   Data          48  acos.o(.constdata)
    qS                                       0x08005cb0   Data          32  acos.o(.constdata)
    .constdata                               0x08005cd0   Section       80  asin.o(.constdata)
    pS                                       0x08005cd0   Data          48  asin.o(.constdata)
    qS                                       0x08005d00   Data          32  asin.o(.constdata)
    .constdata                               0x08005d20   Section      152  atan.o(.constdata)
    atanhi                                   0x08005d20   Data          32  atan.o(.constdata)
    atanlo                                   0x08005d40   Data          32  atan.o(.constdata)
    aTodd                                    0x08005d60   Data          40  atan.o(.constdata)
    aTeven                                   0x08005d88   Data          48  atan.o(.constdata)
    .constdata                               0x08005db8   Section       56  log.o(.constdata)
    Lg2                                      0x08005db8   Data          24  log.o(.constdata)
    Lg                                       0x08005dd0   Data          32  log.o(.constdata)
    .constdata                               0x08005df0   Section      136  pow.o(.constdata)
    bp                                       0x08005df0   Data          16  pow.o(.constdata)
    dp_h                                     0x08005e00   Data          16  pow.o(.constdata)
    dp_l                                     0x08005e10   Data          16  pow.o(.constdata)
    L                                        0x08005e20   Data          48  pow.o(.constdata)
    P                                        0x08005e50   Data          40  pow.o(.constdata)
    .constdata                               0x08005e78   Section       48  cos_i.o(.constdata)
    C                                        0x08005e78   Data          48  cos_i.o(.constdata)
    .constdata                               0x08005ea8   Section        8  qnan.o(.constdata)
    .constdata                               0x08005eb0   Section      200  rred.o(.constdata)
    pio2s                                    0x08005eb0   Data          48  rred.o(.constdata)
    twooverpi                                0x08005ee0   Data         152  rred.o(.constdata)
    .constdata                               0x08005f78   Section       40  sin_i.o(.constdata)
    S                                        0x08005f78   Data          40  sin_i.o(.constdata)
    .constdata                               0x08005fa0   Section       96  tan_i.o(.constdata)
    Todd                                     0x08005fa0   Data          48  tan_i.o(.constdata)
    Teven                                    0x08005fd0   Data          48  tan_i.o(.constdata)
    .data                                    0x20000000   Section        2  main.o(.data)
    .data                                    0x20000004   Section        4  calculate.o(.data)
    .data                                    0x20000008   Section       12  stm32f4xx_hal.o(.data)
    .data                                    0x20000014   Section        4  system_stm32f4xx.o(.data)
    .data                                    0x20000018   Section        4  stdout.o(.data)
    .data                                    0x2000001c   Section        4  errno.o(.data)
    _errno                                   0x2000001c   Data           4  errno.o(.data)
    .bss                                     0x20000020   Section      278  main.o(.bss)
    .bss                                     0x20000138   Section       68  usart.o(.bss)
    .bss                                     0x2000017c   Section       30  calculate.o(.bss)
    STACK                                    0x200001a0   Section     4096  startup_stm32f407xx.o(STACK)

    Global Symbols

    Symbol Name                              Value     Ov Type        Size  Object(Section)

    BuildAttributes$$THM_ISAv4$E$P$D$K$B$S$7EM$VFPi3$EXTD16$VFPS$VFMA$PE$A:L22UL41UL21$X:L11$S22US41US21$IEEE1$IW$USESV6$~STKCKD$USESV7$~SHL$OTIME$ROPI$IEEEX$EBA8$MICROLIB$REQ8$PRES8$EABIv2 0x00000000   Number         0  anon$$obj.o ABSOLUTE
    __ARM_use_no_argv                        0x00000000   Number         0  main.o ABSOLUTE
    _printf_a                                0x00000000   Number         0  stubs.o ABSOLUTE
    _printf_c                                0x00000000   Number         0  stubs.o ABSOLUTE
    _printf_charcount                        0x00000000   Number         0  stubs.o ABSOLUTE
    _printf_d                                0x00000000   Number         0  stubs.o ABSOLUTE
    _printf_e                                0x00000000   Number         0  stubs.o ABSOLUTE
    _printf_f                                0x00000000   Number         0  stubs.o ABSOLUTE
    _printf_flags                            0x00000000   Number         0  stubs.o ABSOLUTE
    _printf_fp_dec                           0x00000000   Number         0  stubs.o ABSOLUTE
    _printf_fp_hex                           0x00000000   Number         0  stubs.o ABSOLUTE
    _printf_g                                0x00000000   Number         0  stubs.o ABSOLUTE
    _printf_i                                0x00000000   Number         0  stubs.o ABSOLUTE
    _printf_int_dec                          0x00000000   Number         0  stubs.o ABSOLUTE
    _printf_l                                0x00000000   Number         0  stubs.o ABSOLUTE
    _printf_lc                               0x00000000   Number         0  stubs.o ABSOLUTE
    _printf_ll                               0x00000000   Number         0  stubs.o ABSOLUTE
    _printf_lld                              0x00000000   Number         0  stubs.o ABSOLUTE
    _printf_lli                              0x00000000   Number         0  stubs.o ABSOLUTE
    _printf_llo                              0x00000000   Number         0  stubs.o ABSOLUTE
    _printf_llu                              0x00000000   Number         0  stubs.o ABSOLUTE
    _printf_llx                              0x00000000   Number         0  stubs.o ABSOLUTE
    _printf_longlong_dec                     0x00000000   Number         0  stubs.o ABSOLUTE
    _printf_longlong_hex                     0x00000000   Number         0  stubs.o ABSOLUTE
    _printf_longlong_oct                     0x00000000   Number         0  stubs.o ABSOLUTE
    _printf_ls                               0x00000000   Number         0  stubs.o ABSOLUTE
    _printf_mbtowc                           0x00000000   Number         0  stubs.o ABSOLUTE
    _printf_n                                0x00000000   Number         0  stubs.o ABSOLUTE
    _printf_o                                0x00000000   Number         0  stubs.o ABSOLUTE
    _printf_p                                0x00000000   Number         0  stubs.o ABSOLUTE
    _printf_percent                          0x00000000   Number         0  stubs.o ABSOLUTE
    _printf_pre_padding                      0x00000000   Number         0  stubs.o ABSOLUTE
    _printf_return_value                     0x00000000   Number         0  stubs.o ABSOLUTE
    _printf_s                                0x00000000   Number         0  stubs.o ABSOLUTE
    _printf_sizespec                         0x00000000   Number         0  stubs.o ABSOLUTE
    _printf_str                              0x00000000   Number         0  stubs.o ABSOLUTE
    _printf_truncate_signed                  0x00000000   Number         0  stubs.o ABSOLUTE
    _printf_truncate_unsigned                0x00000000   Number         0  stubs.o ABSOLUTE
    _printf_u                                0x00000000   Number         0  stubs.o ABSOLUTE
    _printf_wc                               0x00000000   Number         0  stubs.o ABSOLUTE
    _printf_wctomb                           0x00000000   Number         0  stubs.o ABSOLUTE
    _printf_widthprec                        0x00000000   Number         0  stubs.o ABSOLUTE
    _printf_x                                0x00000000   Number         0  stubs.o ABSOLUTE
    __arm_fini_                               - Undefined Weak Reference
    __cpp_initialize__aeabi_                  - Undefined Weak Reference
    __cxa_finalize                            - Undefined Weak Reference
    __decompress                              - Undefined Weak Reference
    _clock_init                               - Undefined Weak Reference
    _microlib_exit                            - Undefined Weak Reference
    __Vectors_Size                           0x00000188   Number         0  startup_stm32f407xx.o ABSOLUTE
    __Vectors                                0x08000000   Data           4  startup_stm32f407xx.o(RESET)
    __Vectors_End                            0x08000188   Data           0  startup_stm32f407xx.o(RESET)
    __main                                   0x08000189   Thumb Code     0  entry.o(.ARM.Collect$$$$00000000)
    _main_stk                                0x08000189   Thumb Code     0  entry2.o(.ARM.Collect$$$$00000001)
    _main_scatterload                        0x0800018d   Thumb Code     0  entry5.o(.ARM.Collect$$$$00000004)
    __main_after_scatterload                 0x08000191   Thumb Code     0  entry5.o(.ARM.Collect$$$$00000004)
    _main_clock                              0x08000191   Thumb Code     0  entry7b.o(.ARM.Collect$$$$00000008)
    _main_cpp_init                           0x08000191   Thumb Code     0  entry8b.o(.ARM.Collect$$$$0000000A)
    _main_init                               0x08000191   Thumb Code     0  entry9a.o(.ARM.Collect$$$$0000000B)
    __rt_lib_shutdown_fini                   0x08000199   Thumb Code     0  entry12b.o(.ARM.Collect$$$$0000000E)
    __rt_final_cpp                           0x0800019d   Thumb Code     0  entry10a.o(.ARM.Collect$$$$0000000F)
    __rt_final_exit                          0x0800019d   Thumb Code     0  entry11a.o(.ARM.Collect$$$$00000011)
    Reset_Handler                            0x080001a1   Thumb Code     8  startup_stm32f407xx.o(.text)
    ADC_IRQHandler                           0x080001bb   Thumb Code     0  startup_stm32f407xx.o(.text)
    CAN1_RX0_IRQHandler                      0x080001bb   Thumb Code     0  startup_stm32f407xx.o(.text)
    CAN1_RX1_IRQHandler                      0x080001bb   Thumb Code     0  startup_stm32f407xx.o(.text)
    CAN1_SCE_IRQHandler                      0x080001bb   Thumb Code     0  startup_stm32f407xx.o(.text)
    CAN1_TX_IRQHandler                       0x080001bb   Thumb Code     0  startup_stm32f407xx.o(.text)
    CAN2_RX0_IRQHandler                      0x080001bb   Thumb Code     0  startup_stm32f407xx.o(.text)
    CAN2_RX1_IRQHandler                      0x080001bb   Thumb Code     0  startup_stm32f407xx.o(.text)
    CAN2_SCE_IRQHandler                      0x080001bb   Thumb Code     0  startup_stm32f407xx.o(.text)
    CAN2_TX_IRQHandler                       0x080001bb   Thumb Code     0  startup_stm32f407xx.o(.text)
    DCMI_IRQHandler                          0x080001bb   Thumb Code     0  startup_stm32f407xx.o(.text)
    DMA1_Stream0_IRQHandler                  0x080001bb   Thumb Code     0  startup_stm32f407xx.o(.text)
    DMA1_Stream1_IRQHandler                  0x080001bb   Thumb Code     0  startup_stm32f407xx.o(.text)
    DMA1_Stream2_IRQHandler                  0x080001bb   Thumb Code     0  startup_stm32f407xx.o(.text)
    DMA1_Stream3_IRQHandler                  0x080001bb   Thumb Code     0  startup_stm32f407xx.o(.text)
    DMA1_Stream4_IRQHandler                  0x080001bb   Thumb Code     0  startup_stm32f407xx.o(.text)
    DMA1_Stream5_IRQHandler                  0x080001bb   Thumb Code     0  startup_stm32f407xx.o(.text)
    DMA1_Stream6_IRQHandler                  0x080001bb   Thumb Code     0  startup_stm32f407xx.o(.text)
    DMA1_Stream7_IRQHandler                  0x080001bb   Thumb Code     0  startup_stm32f407xx.o(.text)
    DMA2_Stream0_IRQHandler                  0x080001bb   Thumb Code     0  startup_stm32f407xx.o(.text)
    DMA2_Stream1_IRQHandler                  0x080001bb   Thumb Code     0  startup_stm32f407xx.o(.text)
    DMA2_Stream2_IRQHandler                  0x080001bb   Thumb Code     0  startup_stm32f407xx.o(.text)
    DMA2_Stream3_IRQHandler                  0x080001bb   Thumb Code     0  startup_stm32f407xx.o(.text)
    DMA2_Stream4_IRQHandler                  0x080001bb   Thumb Code     0  startup_stm32f407xx.o(.text)
    DMA2_Stream5_IRQHandler                  0x080001bb   Thumb Code     0  startup_stm32f407xx.o(.text)
    DMA2_Stream6_IRQHandler                  0x080001bb   Thumb Code     0  startup_stm32f407xx.o(.text)
    DMA2_Stream7_IRQHandler                  0x080001bb   Thumb Code     0  startup_stm32f407xx.o(.text)
    ETH_IRQHandler                           0x080001bb   Thumb Code     0  startup_stm32f407xx.o(.text)
    ETH_WKUP_IRQHandler                      0x080001bb   Thumb Code     0  startup_stm32f407xx.o(.text)
    EXTI0_IRQHandler                         0x080001bb   Thumb Code     0  startup_stm32f407xx.o(.text)
    EXTI15_10_IRQHandler                     0x080001bb   Thumb Code     0  startup_stm32f407xx.o(.text)
    EXTI1_IRQHandler                         0x080001bb   Thumb Code     0  startup_stm32f407xx.o(.text)
    EXTI2_IRQHandler                         0x080001bb   Thumb Code     0  startup_stm32f407xx.o(.text)
    EXTI3_IRQHandler                         0x080001bb   Thumb Code     0  startup_stm32f407xx.o(.text)
    EXTI4_IRQHandler                         0x080001bb   Thumb Code     0  startup_stm32f407xx.o(.text)
    EXTI9_5_IRQHandler                       0x080001bb   Thumb Code     0  startup_stm32f407xx.o(.text)
    FLASH_IRQHandler                         0x080001bb   Thumb Code     0  startup_stm32f407xx.o(.text)
    FMC_IRQHandler                           0x080001bb   Thumb Code     0  startup_stm32f407xx.o(.text)
    FPU_IRQHandler                           0x080001bb   Thumb Code     0  startup_stm32f407xx.o(.text)
    HASH_RNG_IRQHandler                      0x080001bb   Thumb Code     0  startup_stm32f407xx.o(.text)
    I2C1_ER_IRQHandler                       0x080001bb   Thumb Code     0  startup_stm32f407xx.o(.text)
    I2C1_EV_IRQHandler                       0x080001bb   Thumb Code     0  startup_stm32f407xx.o(.text)
    I2C2_ER_IRQHandler                       0x080001bb   Thumb Code     0  startup_stm32f407xx.o(.text)
    I2C2_EV_IRQHandler                       0x080001bb   Thumb Code     0  startup_stm32f407xx.o(.text)
    I2C3_ER_IRQHandler                       0x080001bb   Thumb Code     0  startup_stm32f407xx.o(.text)
    I2C3_EV_IRQHandler                       0x080001bb   Thumb Code     0  startup_stm32f407xx.o(.text)
    OTG_FS_IRQHandler                        0x080001bb   Thumb Code     0  startup_stm32f407xx.o(.text)
    OTG_FS_WKUP_IRQHandler                   0x080001bb   Thumb Code     0  startup_stm32f407xx.o(.text)
    OTG_HS_EP1_IN_IRQHandler                 0x080001bb   Thumb Code     0  startup_stm32f407xx.o(.text)
    OTG_HS_EP1_OUT_IRQHandler                0x080001bb   Thumb Code     0  startup_stm32f407xx.o(.text)
    OTG_HS_IRQHandler                        0x080001bb   Thumb Code     0  startup_stm32f407xx.o(.text)
    OTG_HS_WKUP_IRQHandler                   0x080001bb   Thumb Code     0  startup_stm32f407xx.o(.text)
    PVD_IRQHandler                           0x080001bb   Thumb Code     0  startup_stm32f407xx.o(.text)
    RTC_Alarm_IRQHandler                     0x080001bb   Thumb Code     0  startup_stm32f407xx.o(.text)
    RTC_WKUP_IRQHandler                      0x080001bb   Thumb Code     0  startup_stm32f407xx.o(.text)
    SDIO_IRQHandler                          0x080001bb   Thumb Code     0  startup_stm32f407xx.o(.text)
    SPI1_IRQHandler                          0x080001bb   Thumb Code     0  startup_stm32f407xx.o(.text)
    SPI2_IRQHandler                          0x080001bb   Thumb Code     0  startup_stm32f407xx.o(.text)
    SPI3_IRQHandler                          0x080001bb   Thumb Code     0  startup_stm32f407xx.o(.text)
    TAMP_STAMP_IRQHandler                    0x080001bb   Thumb Code     0  startup_stm32f407xx.o(.text)
    TIM1_BRK_TIM9_IRQHandler                 0x080001bb   Thumb Code     0  startup_stm32f407xx.o(.text)
    TIM1_CC_IRQHandler                       0x080001bb   Thumb Code     0  startup_stm32f407xx.o(.text)
    TIM1_TRG_COM_TIM11_IRQHandler            0x080001bb   Thumb Code     0  startup_stm32f407xx.o(.text)
    TIM1_UP_TIM10_IRQHandler                 0x080001bb   Thumb Code     0  startup_stm32f407xx.o(.text)
    TIM2_IRQHandler                          0x080001bb   Thumb Code     0  startup_stm32f407xx.o(.text)
    TIM3_IRQHandler                          0x080001bb   Thumb Code     0  startup_stm32f407xx.o(.text)
    TIM4_IRQHandler                          0x080001bb   Thumb Code     0  startup_stm32f407xx.o(.text)
    TIM5_IRQHandler                          0x080001bb   Thumb Code     0  startup_stm32f407xx.o(.text)
    TIM6_DAC_IRQHandler                      0x080001bb   Thumb Code     0  startup_stm32f407xx.o(.text)
    TIM7_IRQHandler                          0x080001bb   Thumb Code     0  startup_stm32f407xx.o(.text)
    TIM8_BRK_TIM12_IRQHandler                0x080001bb   Thumb Code     0  startup_stm32f407xx.o(.text)
    TIM8_CC_IRQHandler                       0x080001bb   Thumb Code     0  startup_stm32f407xx.o(.text)
    TIM8_TRG_COM_TIM14_IRQHandler            0x080001bb   Thumb Code     0  startup_stm32f407xx.o(.text)
    TIM8_UP_TIM13_IRQHandler                 0x080001bb   Thumb Code     0  startup_stm32f407xx.o(.text)
    UART4_IRQHandler                         0x080001bb   Thumb Code     0  startup_stm32f407xx.o(.text)
    UART5_IRQHandler                         0x080001bb   Thumb Code     0  startup_stm32f407xx.o(.text)
    USART2_IRQHandler                        0x080001bb   Thumb Code     0  startup_stm32f407xx.o(.text)
    USART3_IRQHandler                        0x080001bb   Thumb Code     0  startup_stm32f407xx.o(.text)
    USART6_IRQHandler                        0x080001bb   Thumb Code     0  startup_stm32f407xx.o(.text)
    WWDG_IRQHandler                          0x080001bb   Thumb Code     0  startup_stm32f407xx.o(.text)
    __aeabi_uldivmod                         0x080001c5   Thumb Code    98  uldiv.o(.text)
    __aeabi_memcpy                           0x08000227   Thumb Code    36  memcpya.o(.text)
    __aeabi_memcpy4                          0x08000227   Thumb Code     0  memcpya.o(.text)
    __aeabi_memcpy8                          0x08000227   Thumb Code     0  memcpya.o(.text)
    __aeabi_memset                           0x0800024b   Thumb Code    14  memseta.o(.text)
    __aeabi_memset4                          0x0800024b   Thumb Code     0  memseta.o(.text)
    __aeabi_memset8                          0x0800024b   Thumb Code     0  memseta.o(.text)
    __aeabi_memclr                           0x08000259   Thumb Code     4  memseta.o(.text)
    __aeabi_memclr4                          0x08000259   Thumb Code     0  memseta.o(.text)
    __aeabi_memclr8                          0x08000259   Thumb Code     0  memseta.o(.text)
    _memset$wrapper                          0x0800025d   Thumb Code    18  memseta.o(.text)
    strcat                                   0x0800026f   Thumb Code    24  strcat.o(.text)
    strlen                                   0x08000287   Thumb Code    14  strlen.o(.text)
    strncat                                  0x08000295   Thumb Code    40  strncat.o(.text)
    strcpy                                   0x080002bd   Thumb Code    18  strcpy.o(.text)
    __aeabi_dadd                             0x080002cf   Thumb Code   322  dadd.o(.text)
    __aeabi_dsub                             0x08000411   Thumb Code     6  dadd.o(.text)
    __aeabi_drsub                            0x08000417   Thumb Code     6  dadd.o(.text)
    __aeabi_dmul                             0x0800041d   Thumb Code   228  dmul.o(.text)
    __aeabi_ddiv                             0x08000501   Thumb Code   222  ddiv.o(.text)
    __aeabi_i2d                              0x080005df   Thumb Code    34  dflti.o(.text)
    __aeabi_ui2d                             0x08000601   Thumb Code    26  dfltui.o(.text)
    __aeabi_cdcmpeq                          0x0800061d   Thumb Code     0  cdcmple.o(.text)
    __aeabi_cdcmple                          0x0800061d   Thumb Code    48  cdcmple.o(.text)
    __aeabi_cdrcmple                         0x0800064d   Thumb Code    48  cdrcmple.o(.text)
    __aeabi_uidiv                            0x0800067d   Thumb Code     0  uidiv.o(.text)
    __aeabi_uidivmod                         0x0800067d   Thumb Code    44  uidiv.o(.text)
    __aeabi_llsl                             0x080006a9   Thumb Code    30  llshl.o(.text)
    _ll_shift_l                              0x080006a9   Thumb Code     0  llshl.o(.text)
    __aeabi_llsr                             0x080006c7   Thumb Code    32  llushr.o(.text)
    _ll_ushift_r                             0x080006c7   Thumb Code     0  llushr.o(.text)
    __aeabi_lasr                             0x080006e7   Thumb Code    36  llsshr.o(.text)
    _ll_sshift_r                             0x080006e7   Thumb Code     0  llsshr.o(.text)
    __I$use$fp                               0x0800070b   Thumb Code     0  iusefp.o(.text)
    _double_round                            0x0800070b   Thumb Code    30  depilogue.o(.text)
    _double_epilogue                         0x08000729   Thumb Code   156  depilogue.o(.text)
    __ARM_scalbn                             0x080007c5   Thumb Code    46  dscalb.o(.text)
    scalbn                                   0x080007c5   Thumb Code     0  dscalb.o(.text)
    __aeabi_d2ulz                            0x080007f3   Thumb Code    48  dfixul.o(.text)
    __scatterload                            0x08000825   Thumb Code    28  init.o(.text)
    __scatterload_rt2                        0x08000825   Thumb Code     0  init.o(.text)
    _dsqrt                                   0x08000849   Thumb Code   162  dsqrt.o(.text)
    __aeabi_d2iz                             0x080008eb   Thumb Code    62  dfixi.o(.text)
    BusFault_Handler                         0x08000929   Thumb Code     2  stm32f4xx_it.o(i.BusFault_Handler)
    DebugMon_Handler                         0x0800092b   Thumb Code     2  stm32f4xx_it.o(i.DebugMon_Handler)
    Error_Handler                            0x0800092d   Thumb Code     4  main.o(i.Error_Handler)
    HAL_DMA_Abort                            0x08000931   Thumb Code   146  stm32f4xx_hal_dma.o(i.HAL_DMA_Abort)
    HAL_DMA_Abort_IT                         0x080009c3   Thumb Code    36  stm32f4xx_hal_dma.o(i.HAL_DMA_Abort_IT)
    HAL_GPIO_Init                            0x080009e9   Thumb Code   450  stm32f4xx_hal_gpio.o(i.HAL_GPIO_Init)
    HAL_GPIO_WritePin                        0x08000bd9   Thumb Code    10  stm32f4xx_hal_gpio.o(i.HAL_GPIO_WritePin)
    HAL_GetTick                              0x08000be5   Thumb Code     6  stm32f4xx_hal.o(i.HAL_GetTick)
    HAL_IncTick                              0x08000bf1   Thumb Code    12  stm32f4xx_hal.o(i.HAL_IncTick)
    HAL_Init                                 0x08000c01   Thumb Code    48  stm32f4xx_hal.o(i.HAL_Init)
    HAL_InitTick                             0x08000c35   Thumb Code    54  stm32f4xx_hal.o(i.HAL_InitTick)
    HAL_MspInit                              0x08000c75   Thumb Code    60  stm32f4xx_hal_msp.o(i.HAL_MspInit)
    HAL_NVIC_EnableIRQ                       0x08000cb5   Thumb Code    26  stm32f4xx_hal_cortex.o(i.HAL_NVIC_EnableIRQ)
    HAL_NVIC_SetPriority                     0x08000cd1   Thumb Code    60  stm32f4xx_hal_cortex.o(i.HAL_NVIC_SetPriority)
    HAL_NVIC_SetPriorityGrouping             0x08000d11   Thumb Code    26  stm32f4xx_hal_cortex.o(i.HAL_NVIC_SetPriorityGrouping)
    HAL_RCC_ClockConfig                      0x08000d35   Thumb Code   288  stm32f4xx_hal_rcc.o(i.HAL_RCC_ClockConfig)
    HAL_RCC_GetPCLK1Freq                     0x08000e69   Thumb Code    20  stm32f4xx_hal_rcc.o(i.HAL_RCC_GetPCLK1Freq)
    HAL_RCC_GetPCLK2Freq                     0x08000e89   Thumb Code    20  stm32f4xx_hal_rcc.o(i.HAL_RCC_GetPCLK2Freq)
    HAL_RCC_GetSysClockFreq                  0x08000ea9   Thumb Code    88  stm32f4xx_hal_rcc.o(i.HAL_RCC_GetSysClockFreq)
    HAL_RCC_OscConfig                        0x08000f0d   Thumb Code   856  stm32f4xx_hal_rcc.o(i.HAL_RCC_OscConfig)
    HAL_SYSTICK_Config                       0x08001279   Thumb Code    40  stm32f4xx_hal_cortex.o(i.HAL_SYSTICK_Config)
    HAL_UARTEx_RxEventCallback               0x080012a1   Thumb Code     2  stm32f4xx_hal_uart.o(i.HAL_UARTEx_RxEventCallback)
    HAL_UART_ErrorCallback                   0x080012a3   Thumb Code     2  stm32f4xx_hal_uart.o(i.HAL_UART_ErrorCallback)
    HAL_UART_IRQHandler                      0x080012a5   Thumb Code   610  stm32f4xx_hal_uart.o(i.HAL_UART_IRQHandler)
    HAL_UART_Init                            0x0800150d   Thumb Code    98  stm32f4xx_hal_uart.o(i.HAL_UART_Init)
    HAL_UART_MspInit                         0x08001571   Thumb Code   110  usart.o(i.HAL_UART_MspInit)
    HAL_UART_Receive_IT                      0x080015ed   Thumb Code    42  stm32f4xx_hal_uart.o(i.HAL_UART_Receive_IT)
    HAL_UART_RxCpltCallback                  0x08001619   Thumb Code   148  main.o(i.HAL_UART_RxCpltCallback)
    HAL_UART_Transmit                        0x080016c5   Thumb Code   178  stm32f4xx_hal_uart.o(i.HAL_UART_Transmit)
    HAL_UART_TxCpltCallback                  0x08001777   Thumb Code     2  stm32f4xx_hal_uart.o(i.HAL_UART_TxCpltCallback)
    HardFault_Handler                        0x08001779   Thumb Code     2  stm32f4xx_it.o(i.HardFault_Handler)
    MX_GPIO_Init                             0x0800177d   Thumb Code    84  gpio.o(i.MX_GPIO_Init)
    MX_USART1_UART_Init                      0x080017d9   Thumb Code    48  usart.o(i.MX_USART1_UART_Init)
    MemManage_Handler                        0x08001811   Thumb Code     2  stm32f4xx_it.o(i.MemManage_Handler)
    NMI_Handler                              0x08001813   Thumb Code     2  stm32f4xx_it.o(i.NMI_Handler)
    PendSV_Handler                           0x08001815   Thumb Code     2  stm32f4xx_it.o(i.PendSV_Handler)
    RCC_IRQHandler                           0x08001817   Thumb Code     2  stm32f4xx_it.o(i.RCC_IRQHandler)
    SVC_Handler                              0x08001819   Thumb Code     2  stm32f4xx_it.o(i.SVC_Handler)
    SysTick_Handler                          0x0800181b   Thumb Code     4  stm32f4xx_it.o(i.SysTick_Handler)
    SystemClock_Config                       0x08001821   Thumb Code   136  main.o(i.SystemClock_Config)
    SystemInit                               0x080018b1   Thumb Code    12  system_stm32f4xx.o(i.SystemInit)
    UART_Start_Receive_IT                    0x08001aed   Thumb Code    54  stm32f4xx_hal_uart.o(i.UART_Start_Receive_IT)
    USART1_IRQHandler                        0x08001b9d   Thumb Code     6  stm32f4xx_it.o(i.USART1_IRQHandler)
    UsageFault_Handler                       0x08001ba9   Thumb Code     2  stm32f4xx_it.o(i.UsageFault_Handler)
    __0printf                                0x08001bad   Thumb Code    22  printfa.o(i.__0printf)
    __1printf                                0x08001bad   Thumb Code     0  printfa.o(i.__0printf)
    __2printf                                0x08001bad   Thumb Code     0  printfa.o(i.__0printf)
    __c89printf                              0x08001bad   Thumb Code     0  printfa.o(i.__0printf)
    printf                                   0x08001bad   Thumb Code     0  printfa.o(i.__0printf)
    __0sprintf                               0x08001bcd   Thumb Code    34  printfa.o(i.__0sprintf)
    __1sprintf                               0x08001bcd   Thumb Code     0  printfa.o(i.__0sprintf)
    __2sprintf                               0x08001bcd   Thumb Code     0  printfa.o(i.__0sprintf)
    __c89sprintf                             0x08001bcd   Thumb Code     0  printfa.o(i.__0sprintf)
    sprintf                                  0x08001bcd   Thumb Code     0  printfa.o(i.__0sprintf)
    __ARM_fpclassify                         0x08001bf5   Thumb Code    48  fpclassify.o(i.__ARM_fpclassify)
    __hardfp_acos                            0x08001c49   Thumb Code   738  acos.o(i.__hardfp_acos)
    __hardfp_asin                            0x08001fa1   Thumb Code   770  asin.o(i.__hardfp_asin)
    __hardfp_atan                            0x08002301   Thumb Code   622  atan.o(i.__hardfp_atan)
    __hardfp_cos                             0x080025d9   Thumb Code   180  cos.o(i.__hardfp_cos)
    __hardfp_log                             0x080026a1   Thumb Code   872  log.o(i.__hardfp_log)
    __hardfp_log10                           0x08002a69   Thumb Code   260  log10.o(i.__hardfp_log10)
    __hardfp_pow                             0x08002b99   Thumb Code  3072  pow.o(i.__hardfp_pow)
    __hardfp_sin                             0x080037e9   Thumb Code   180  sin.o(i.__hardfp_sin)
    __hardfp_tan                             0x080038b1   Thumb Code   108  tan.o(i.__hardfp_tan)
    __ieee754_rem_pio2                       0x08003931   Thumb Code   938  rred.o(i.__ieee754_rem_pio2)
    __kernel_cos                             0x08003d69   Thumb Code   322  cos_i.o(i.__kernel_cos)
    __kernel_poly                            0x08003ed9   Thumb Code   248  poly.o(i.__kernel_poly)
    __kernel_sin                             0x08003fd1   Thumb Code   280  sin_i.o(i.__kernel_sin)
    __kernel_tan                             0x08004101   Thumb Code   764  tan_i.o(i.__kernel_tan)
    __mathlib_dbl_divzero                    0x08004451   Thumb Code    28  dunder.o(i.__mathlib_dbl_divzero)
    __mathlib_dbl_infnan                     0x08004481   Thumb Code    20  dunder.o(i.__mathlib_dbl_infnan)
    __mathlib_dbl_infnan2                    0x08004495   Thumb Code    20  dunder.o(i.__mathlib_dbl_infnan2)
    __mathlib_dbl_invalid                    0x080044a9   Thumb Code    24  dunder.o(i.__mathlib_dbl_invalid)
    __mathlib_dbl_overflow                   0x080044c9   Thumb Code    24  dunder.o(i.__mathlib_dbl_overflow)
    __mathlib_dbl_underflow                  0x080044e9   Thumb Code    24  dunder.o(i.__mathlib_dbl_underflow)
    __scatterload_copy                       0x08004509   Thumb Code    14  handlers.o(i.__scatterload_copy)
    __scatterload_null                       0x08004517   Thumb Code     2  handlers.o(i.__scatterload_null)
    __scatterload_zeroinit                   0x08004519   Thumb Code    14  handlers.o(i.__scatterload_zeroinit)
    __set_errno                              0x08004529   Thumb Code     6  errno.o(i.__set_errno)
    addItem                                  0x08004dc9   Thumb Code   354  main.o(i.addItem)
    addSign                                  0x08004f65   Thumb Code    56  main.o(i.addSign)
    backItem                                 0x08004fa5   Thumb Code   106  main.o(i.backItem)
    calculate                                0x08005019   Thumb Code   390  calculate.o(i.calculate)
    checkBracket                             0x080051c1   Thumb Code    28  main.o(i.checkBracket)
    checkNum                                 0x080051e1   Thumb Code    30  main.o(i.checkNum)
    clearAll                                 0x08005205   Thumb Code    14  main.o(i.clearAll)
    clearPrint                               0x08005215   Thumb Code     6  main.o(i.clearPrint)
    cmp                                      0x0800522d   Thumb Code    32  calculate.o(i.cmp)
    cutFloatEndZero                          0x0800524d   Thumb Code   106  calculate.o(i.cutFloatEndZero)
    dclt                                     0x080052c5   Thumb Code   238  calculate.o(i.dclt)
    errorInput                               0x080053d5   Thumb Code    16  main.o(i.errorInput)
    fabs                                     0x080053fd   Thumb Code    24  fabs.o(i.fabs)
    fputc                                    0x08005415   Thumb Code    20  main.o(i.fputc)
    initItem                                 0x0800542d   Thumb Code    20  main.o(i.initItem)
    input                                    0x08005445   Thumb Code    70  calculate.o(i.input)
    isSign                                   0x0800548b   Thumb Code    36  main.o(i.isSign)
    log                                      0x080054af   Thumb Code    16  log.o(i.log)
    main                                     0x080054c1   Thumb Code    54  main.o(i.main)
    modifyAction                             0x08005505   Thumb Code   242  main.o(i.modifyAction)
    overItemCount                            0x080055f9   Thumb Code    16  main.o(i.overItemCount)
    prid                                     0x08005621   Thumb Code    48  calculate.o(i.prid)
    printItem                                0x08005651   Thumb Code     8  main.o(i.printItem)
    printResult                              0x0800566d   Thumb Code    86  main.o(i.printResult)
    sclt                                     0x080056e5   Thumb Code   332  calculate.o(i.sclt)
    sqrt                                     0x080058a5   Thumb Code   110  sqrt.o(i.sqrt)
    startCalculate                           0x08005915   Thumb Code   126  calculate.o(i.startCalculate)
    translate                                0x08005a01   Thumb Code   116  calculate.o(i.translate)
    translateopd                             0x08005a85   Thumb Code   192  calculate.o(i.translateopd)
    translateopt                             0x08005b65   Thumb Code    92  calculate.o(i.translateopt)
    AHBPrescTable                            0x08005c64   Data          16  system_stm32f4xx.o(.constdata)
    APBPrescTable                            0x08005c74   Data           8  system_stm32f4xx.o(.constdata)
    __mathlib_zero                           0x08005ea8   Data           8  qnan.o(.constdata)
    Region$$Table$$Base                      0x08006000   Number         0  anon$$obj.o(Region$$Table)
    Region$$Table$$Limit                     0x08006020   Number         0  anon$$obj.o(Region$$Table)
    Uart1_Rx_Cnt                             0x20000000   Data           1  main.o(.data)
    aRxBuffer                                0x20000001   Data           1  main.o(.data)
    bb                                       0x20000004   Data           4  calculate.o(.data)
    uwTickFreq                               0x20000008   Data           1  stm32f4xx_hal.o(.data)
    uwTickPrio                               0x2000000c   Data           4  stm32f4xx_hal.o(.data)
    uwTick                                   0x20000010   Data           4  stm32f4xx_hal.o(.data)
    SystemCoreClock                          0x20000014   Data           4  system_stm32f4xx.o(.data)
    __stdout                                 0x20000018   Data           4  stdout.o(.data)
    RxBuffer                                 0x20000020   Data         256  main.o(.bss)
    item                                     0x20000120   Data          22  main.o(.bss)
    huart1                                   0x20000138   Data          68  usart.o(.bss)
    brackets                                 0x2000017c   Data          10  calculate.o(.bss)
    info                                     0x20000186   Data          20  calculate.o(.bss)
    __initial_sp                             0x200011a0   Data           0  startup_stm32f407xx.o(STACK)



==============================================================================

Memory Map of the image

  Image Entry point : 0x08000189

  Load Region LR_IROM1 (Base: 0x08000000, Size: 0x00006040, Max: 0x00080000, ABSOLUTE)

    Execution Region ER_IROM1 (Exec base: 0x08000000, Load base: 0x08000000, Size: 0x00006020, Max: 0x00080000, ABSOLUTE)

    Exec Addr    Load Addr    Size         Type   Attr      Idx    E Section Name        Object

    0x08000000   0x08000000   0x00000188   Data   RO            3    RESET               startup_stm32f407xx.o
    0x08000188   0x08000188   0x00000000   Code   RO         2197  * .ARM.Collect$$$$00000000  mc_w.l(entry.o)
    0x08000188   0x08000188   0x00000004   Code   RO         2550    .ARM.Collect$$$$00000001  mc_w.l(entry2.o)
    0x0800018c   0x0800018c   0x00000004   Code   RO         2553    .ARM.Collect$$$$00000004  mc_w.l(entry5.o)
    0x08000190   0x08000190   0x00000000   Code   RO         2555    .ARM.Collect$$$$00000008  mc_w.l(entry7b.o)
    0x08000190   0x08000190   0x00000000   Code   RO         2557    .ARM.Collect$$$$0000000A  mc_w.l(entry8b.o)
    0x08000190   0x08000190   0x00000008   Code   RO         2558    .ARM.Collect$$$$0000000B  mc_w.l(entry9a.o)
    0x08000198   0x08000198   0x00000004   Code   RO         2565    .ARM.Collect$$$$0000000E  mc_w.l(entry12b.o)
    0x0800019c   0x0800019c   0x00000000   Code   RO         2560    .ARM.Collect$$$$0000000F  mc_w.l(entry10a.o)
    0x0800019c   0x0800019c   0x00000000   Code   RO         2562    .ARM.Collect$$$$00000011  mc_w.l(entry11a.o)
    0x0800019c   0x0800019c   0x00000004   Code   RO         2551    .ARM.Collect$$$$00002712  mc_w.l(entry2.o)
    0x080001a0   0x080001a0   0x00000024   Code   RO            4    .text               startup_stm32f407xx.o
    0x080001c4   0x080001c4   0x00000062   Code   RO         2200    .text               mc_w.l(uldiv.o)
    0x08000226   0x08000226   0x00000024   Code   RO         2202    .text               mc_w.l(memcpya.o)
    0x0800024a   0x0800024a   0x00000024   Code   RO         2204    .text               mc_w.l(memseta.o)
    0x0800026e   0x0800026e   0x00000018   Code   RO         2206    .text               mc_w.l(strcat.o)
    0x08000286   0x08000286   0x0000000e   Code   RO         2208    .text               mc_w.l(strlen.o)
    0x08000294   0x08000294   0x00000028   Code   RO         2210    .text               mc_w.l(strncat.o)
    0x080002bc   0x080002bc   0x00000012   Code   RO         2212    .text               mc_w.l(strcpy.o)
    0x080002ce   0x080002ce   0x0000014e   Code   RO         2477    .text               mf_w.l(dadd.o)
    0x0800041c   0x0800041c   0x000000e4   Code   RO         2479    .text               mf_w.l(dmul.o)
    0x08000500   0x08000500   0x000000de   Code   RO         2481    .text               mf_w.l(ddiv.o)
    0x080005de   0x080005de   0x00000022   Code   RO         2485    .text               mf_w.l(dflti.o)
    0x08000600   0x08000600   0x0000001a   Code   RO         2487    .text               mf_w.l(dfltui.o)
    0x0800061a   0x0800061a   0x00000002   PAD
    0x0800061c   0x0800061c   0x00000030   Code   RO         2489    .text               mf_w.l(cdcmple.o)
    0x0800064c   0x0800064c   0x00000030   Code   RO         2491    .text               mf_w.l(cdrcmple.o)
    0x0800067c   0x0800067c   0x0000002c   Code   RO         2567    .text               mc_w.l(uidiv.o)
    0x080006a8   0x080006a8   0x0000001e   Code   RO         2569    .text               mc_w.l(llshl.o)
    0x080006c6   0x080006c6   0x00000020   Code   RO         2571    .text               mc_w.l(llushr.o)
    0x080006e6   0x080006e6   0x00000024   Code   RO         2573    .text               mc_w.l(llsshr.o)
    0x0800070a   0x0800070a   0x00000000   Code   RO         2582    .text               mc_w.l(iusefp.o)
    0x0800070a   0x0800070a   0x000000ba   Code   RO         2583    .text               mf_w.l(depilogue.o)
    0x080007c4   0x080007c4   0x0000002e   Code   RO         2585    .text               mf_w.l(dscalb.o)
    0x080007f2   0x080007f2   0x00000030   Code   RO         2587    .text               mf_w.l(dfixul.o)
    0x08000822   0x08000822   0x00000002   PAD
    0x08000824   0x08000824   0x00000024   Code   RO         2589    .text               mc_w.l(init.o)
    0x08000848   0x08000848   0x000000a2   Code   RO         2591    .text               mf_w.l(dsqrt.o)
    0x080008ea   0x080008ea   0x0000003e   Code   RO         2593    .text               mf_w.l(dfixi.o)
    0x08000928   0x08000928   0x00000002   Code   RO          317    i.BusFault_Handler  stm32f4xx_it.o
    0x0800092a   0x0800092a   0x00000002   Code   RO          318    i.DebugMon_Handler  stm32f4xx_it.o
    0x0800092c   0x0800092c   0x00000004   Code   RO           13    i.Error_Handler     main.o
    0x08000930   0x08000930   0x00000092   Code   RO         1374    i.HAL_DMA_Abort     stm32f4xx_hal_dma.o
    0x080009c2   0x080009c2   0x00000024   Code   RO         1375    i.HAL_DMA_Abort_IT  stm32f4xx_hal_dma.o
    0x080009e6   0x080009e6   0x00000002   PAD
    0x080009e8   0x080009e8   0x000001f0   Code   RO         1267    i.HAL_GPIO_Init     stm32f4xx_hal_gpio.o
    0x08000bd8   0x08000bd8   0x0000000a   Code   RO         1271    i.HAL_GPIO_WritePin  stm32f4xx_hal_gpio.o
    0x08000be2   0x08000be2   0x00000002   PAD
    0x08000be4   0x08000be4   0x0000000c   Code   RO         1799    i.HAL_GetTick       stm32f4xx_hal.o
    0x08000bf0   0x08000bf0   0x00000010   Code   RO         1805    i.HAL_IncTick       stm32f4xx_hal.o
    0x08000c00   0x08000c00   0x00000034   Code   RO         1806    i.HAL_Init          stm32f4xx_hal.o
    0x08000c34   0x08000c34   0x00000040   Code   RO         1807    i.HAL_InitTick      stm32f4xx_hal.o
    0x08000c74   0x08000c74   0x00000040   Code   RO          405    i.HAL_MspInit       stm32f4xx_hal_msp.o
    0x08000cb4   0x08000cb4   0x0000001a   Code   RO         1656    i.HAL_NVIC_EnableIRQ  stm32f4xx_hal_cortex.o
    0x08000cce   0x08000cce   0x00000002   PAD
    0x08000cd0   0x08000cd0   0x00000040   Code   RO         1662    i.HAL_NVIC_SetPriority  stm32f4xx_hal_cortex.o
    0x08000d10   0x08000d10   0x00000024   Code   RO         1663    i.HAL_NVIC_SetPriorityGrouping  stm32f4xx_hal_cortex.o
    0x08000d34   0x08000d34   0x00000134   Code   RO          913    i.HAL_RCC_ClockConfig  stm32f4xx_hal_rcc.o
    0x08000e68   0x08000e68   0x00000020   Code   RO          920    i.HAL_RCC_GetPCLK1Freq  stm32f4xx_hal_rcc.o
    0x08000e88   0x08000e88   0x00000020   Code   RO          921    i.HAL_RCC_GetPCLK2Freq  stm32f4xx_hal_rcc.o
    0x08000ea8   0x08000ea8   0x00000064   Code   RO          922    i.HAL_RCC_GetSysClockFreq  stm32f4xx_hal_rcc.o
    0x08000f0c   0x08000f0c   0x0000036c   Code   RO          925    i.HAL_RCC_OscConfig  stm32f4xx_hal_rcc.o
    0x08001278   0x08001278   0x00000028   Code   RO         1667    i.HAL_SYSTICK_Config  stm32f4xx_hal_cortex.o
    0x080012a0   0x080012a0   0x00000002   Code   RO          566    i.HAL_UARTEx_RxEventCallback  stm32f4xx_hal_uart.o
    0x080012a2   0x080012a2   0x00000002   Code   RO          580    i.HAL_UART_ErrorCallback  stm32f4xx_hal_uart.o
    0x080012a4   0x080012a4   0x00000268   Code   RO          583    i.HAL_UART_IRQHandler  stm32f4xx_hal_uart.o
    0x0800150c   0x0800150c   0x00000062   Code   RO          584    i.HAL_UART_Init     stm32f4xx_hal_uart.o
    0x0800156e   0x0800156e   0x00000002   PAD
    0x08001570   0x08001570   0x0000007c   Code   RO          276    i.HAL_UART_MspInit  usart.o
    0x080015ec   0x080015ec   0x0000002a   Code   RO          589    i.HAL_UART_Receive_IT  stm32f4xx_hal_uart.o
    0x08001616   0x08001616   0x00000002   PAD
    0x08001618   0x08001618   0x000000ac   Code   RO           14    i.HAL_UART_RxCpltCallback  main.o
    0x080016c4   0x080016c4   0x000000b2   Code   RO          592    i.HAL_UART_Transmit  stm32f4xx_hal_uart.o
    0x08001776   0x08001776   0x00000002   Code   RO          595    i.HAL_UART_TxCpltCallback  stm32f4xx_hal_uart.o
    0x08001778   0x08001778   0x00000002   Code   RO          319    i.HardFault_Handler  stm32f4xx_it.o
    0x0800177a   0x0800177a   0x00000002   PAD
    0x0800177c   0x0800177c   0x0000005c   Code   RO          251    i.MX_GPIO_Init      gpio.o
    0x080017d8   0x080017d8   0x00000038   Code   RO          277    i.MX_USART1_UART_Init  usart.o
    0x08001810   0x08001810   0x00000002   Code   RO          320    i.MemManage_Handler  stm32f4xx_it.o
    0x08001812   0x08001812   0x00000002   Code   RO          321    i.NMI_Handler       stm32f4xx_it.o
    0x08001814   0x08001814   0x00000002   Code   RO          322    i.PendSV_Handler    stm32f4xx_it.o
    0x08001816   0x08001816   0x00000002   Code   RO          323    i.RCC_IRQHandler    stm32f4xx_it.o
    0x08001818   0x08001818   0x00000002   Code   RO          324    i.SVC_Handler       stm32f4xx_it.o
    0x0800181a   0x0800181a   0x00000004   Code   RO          325    i.SysTick_Handler   stm32f4xx_it.o
    0x0800181e   0x0800181e   0x00000002   PAD
    0x08001820   0x08001820   0x00000090   Code   RO           15    i.SystemClock_Config  main.o
    0x080018b0   0x080018b0   0x00000010   Code   RO         2045    i.SystemInit        system_stm32f4xx.o
    0x080018c0   0x080018c0   0x00000010   Code   RO          597    i.UART_DMAAbortOnError  stm32f4xx_hal_uart.o
    0x080018d0   0x080018d0   0x0000004e   Code   RO          607    i.UART_EndRxTransfer  stm32f4xx_hal_uart.o
    0x0800191e   0x0800191e   0x000000c0   Code   RO          609    i.UART_Receive_IT   stm32f4xx_hal_uart.o
    0x080019de   0x080019de   0x00000002   PAD
    0x080019e0   0x080019e0   0x0000010c   Code   RO          610    i.UART_SetConfig    stm32f4xx_hal_uart.o
    0x08001aec   0x08001aec   0x00000036   Code   RO          612    i.UART_Start_Receive_IT  stm32f4xx_hal_uart.o
    0x08001b22   0x08001b22   0x00000078   Code   RO          613    i.UART_WaitOnFlagUntilTimeout  stm32f4xx_hal_uart.o
    0x08001b9a   0x08001b9a   0x00000002   PAD
    0x08001b9c   0x08001b9c   0x0000000c   Code   RO          326    i.USART1_IRQHandler  stm32f4xx_it.o
    0x08001ba8   0x08001ba8   0x00000002   Code   RO          327    i.UsageFault_Handler  stm32f4xx_it.o
    0x08001baa   0x08001baa   0x00000002   PAD
    0x08001bac   0x08001bac   0x00000020   Code   RO         2449    i.__0printf         mc_w.l(printfa.o)
    0x08001bcc   0x08001bcc   0x00000028   Code   RO         2451    i.__0sprintf        mc_w.l(printfa.o)
    0x08001bf4   0x08001bf4   0x00000030   Code   RO         2516    i.__ARM_fpclassify  m_wm.l(fpclassify.o)
    0x08001c24   0x08001c24   0x00000020   Code   RO         1669    i.__NVIC_SetPriority  stm32f4xx_hal_cortex.o
    0x08001c44   0x08001c44   0x00000004   PAD
    0x08001c48   0x08001c48   0x00000358   Code   RO         2079    i.__hardfp_acos     m_wm.l(acos.o)
    0x08001fa0   0x08001fa0   0x00000360   Code   RO         2093    i.__hardfp_asin     m_wm.l(asin.o)
    0x08002300   0x08002300   0x000002d8   Code   RO         2107    i.__hardfp_atan     m_wm.l(atan.o)
    0x080025d8   0x080025d8   0x000000c8   Code   RO         2121    i.__hardfp_cos      m_wm.l(cos.o)
    0x080026a0   0x080026a0   0x000003c4   Code   RO         2133    i.__hardfp_log      m_wm.l(log.o)
    0x08002a64   0x08002a64   0x00000004   PAD
    0x08002a68   0x08002a68   0x00000130   Code   RO         2147    i.__hardfp_log10    m_wm.l(log10.o)
    0x08002b98   0x08002b98   0x00000c50   Code   RO         2159    i.__hardfp_pow      m_wm.l(pow.o)
    0x080037e8   0x080037e8   0x000000c8   Code   RO         2173    i.__hardfp_sin      m_wm.l(sin.o)
    0x080038b0   0x080038b0   0x00000080   Code   RO         2185    i.__hardfp_tan      m_wm.l(tan.o)
    0x08003930   0x08003930   0x00000438   Code   RO         2521    i.__ieee754_rem_pio2  m_wm.l(rred.o)
    0x08003d68   0x08003d68   0x00000170   Code   RO         2493    i.__kernel_cos      m_wm.l(cos_i.o)
    0x08003ed8   0x08003ed8   0x000000f8   Code   RO         2518    i.__kernel_poly     m_wm.l(poly.o)
    0x08003fd0   0x08003fd0   0x00000130   Code   RO         2526    i.__kernel_sin      m_wm.l(sin_i.o)
    0x08004100   0x08004100   0x00000350   Code   RO         2544    i.__kernel_tan      m_wm.l(tan_i.o)
    0x08004450   0x08004450   0x00000030   Code   RO         2496    i.__mathlib_dbl_divzero  m_wm.l(dunder.o)
    0x08004480   0x08004480   0x00000014   Code   RO         2497    i.__mathlib_dbl_infnan  m_wm.l(dunder.o)
    0x08004494   0x08004494   0x00000014   Code   RO         2498    i.__mathlib_dbl_infnan2  m_wm.l(dunder.o)
    0x080044a8   0x080044a8   0x00000020   Code   RO         2499    i.__mathlib_dbl_invalid  m_wm.l(dunder.o)
    0x080044c8   0x080044c8   0x00000020   Code   RO         2500    i.__mathlib_dbl_overflow  m_wm.l(dunder.o)
    0x080044e8   0x080044e8   0x00000020   Code   RO         2502    i.__mathlib_dbl_underflow  m_wm.l(dunder.o)
    0x08004508   0x08004508   0x0000000e   Code   RO         2597    i.__scatterload_copy  mc_w.l(handlers.o)
    0x08004516   0x08004516   0x00000002   Code   RO         2598    i.__scatterload_null  mc_w.l(handlers.o)
    0x08004518   0x08004518   0x0000000e   Code   RO         2599    i.__scatterload_zeroinit  mc_w.l(handlers.o)
    0x08004526   0x08004526   0x00000002   PAD
    0x08004528   0x08004528   0x0000000c   Code   RO         2577    i.__set_errno       mc_w.l(errno.o)
    0x08004534   0x08004534   0x00000184   Code   RO         2456    i._fp_digits        mc_w.l(printfa.o)
    0x080046b8   0x080046b8   0x000006b4   Code   RO         2457    i._printf_core      mc_w.l(printfa.o)
    0x08004d6c   0x08004d6c   0x00000024   Code   RO         2458    i._printf_post_padding  mc_w.l(printfa.o)
    0x08004d90   0x08004d90   0x0000002e   Code   RO         2459    i._printf_pre_padding  mc_w.l(printfa.o)
    0x08004dbe   0x08004dbe   0x0000000a   Code   RO         2461    i._sputc            mc_w.l(printfa.o)
    0x08004dc8   0x08004dc8   0x0000019c   Code   RO           16    i.addItem           main.o
    0x08004f64   0x08004f64   0x00000040   Code   RO           17    i.addSign           main.o
    0x08004fa4   0x08004fa4   0x00000074   Code   RO           18    i.backItem          main.o
    0x08005018   0x08005018   0x000001a8   Code   RO          426    i.calculate         calculate.o
    0x080051c0   0x080051c0   0x00000020   Code   RO           19    i.checkBracket      main.o
    0x080051e0   0x080051e0   0x00000024   Code   RO           20    i.checkNum          main.o
    0x08005204   0x08005204   0x0000000e   Code   RO           21    i.clearAll          main.o
    0x08005212   0x08005212   0x00000002   PAD
    0x08005214   0x08005214   0x00000018   Code   RO           22    i.clearPrint        main.o
    0x0800522c   0x0800522c   0x00000020   Code   RO          427    i.cmp               calculate.o
    0x0800524c   0x0800524c   0x00000078   Code   RO          428    i.cutFloatEndZero   calculate.o
    0x080052c4   0x080052c4   0x00000110   Code   RO          429    i.dclt              calculate.o
    0x080053d4   0x080053d4   0x00000028   Code   RO           23    i.errorInput        main.o
    0x080053fc   0x080053fc   0x00000018   Code   RO         2512    i.fabs              m_wm.l(fabs.o)
    0x08005414   0x08005414   0x00000018   Code   RO           24    i.fputc             main.o
    0x0800542c   0x0800542c   0x00000018   Code   RO           25    i.initItem          main.o
    0x08005444   0x08005444   0x00000046   Code   RO          430    i.input             calculate.o
    0x0800548a   0x0800548a   0x00000024   Code   RO           26    i.isSign            main.o
    0x080054ae   0x080054ae   0x00000010   Code   RO         2135    i.log               m_wm.l(log.o)
    0x080054be   0x080054be   0x00000002   PAD
    0x080054c0   0x080054c0   0x00000044   Code   RO           27    i.main              main.o
    0x08005504   0x08005504   0x000000f2   Code   RO           28    i.modifyAction      main.o
    0x080055f6   0x080055f6   0x00000002   PAD
    0x080055f8   0x080055f8   0x00000028   Code   RO           29    i.overItemCount     main.o
    0x08005620   0x08005620   0x00000030   Code   RO          431    i.prid              calculate.o
    0x08005650   0x08005650   0x0000001c   Code   RO           30    i.printItem         main.o
    0x0800566c   0x0800566c   0x00000078   Code   RO           31    i.printResult       main.o
    0x080056e4   0x080056e4   0x000001c0   Code   RO          432    i.sclt              calculate.o
    0x080058a4   0x080058a4   0x0000006e   Code   RO         2534    i.sqrt              m_wm.l(sqrt.o)
    0x08005912   0x08005912   0x00000002   PAD
    0x08005914   0x08005914   0x000000ec   Code   RO          433    i.startCalculate    calculate.o
    0x08005a00   0x08005a00   0x00000084   Code   RO          434    i.translate         calculate.o
    0x08005a84   0x08005a84   0x000000e0   Code   RO          435    i.translateopd      calculate.o
    0x08005b64   0x08005b64   0x00000060   Code   RO          436    i.translateopt      calculate.o
    0x08005bc4   0x08005bc4   0x000000a0   Data   RO          438    .constdata          calculate.o
    0x08005c64   0x08005c64   0x00000010   Data   RO         2046    .constdata          system_stm32f4xx.o
    0x08005c74   0x08005c74   0x00000008   Data   RO         2047    .constdata          system_stm32f4xx.o
    0x08005c7c   0x08005c7c   0x00000004   PAD
    0x08005c80   0x08005c80   0x00000050   Data   RO         2082    .constdata          m_wm.l(acos.o)
    0x08005cd0   0x08005cd0   0x00000050   Data   RO         2096    .constdata          m_wm.l(asin.o)
    0x08005d20   0x08005d20   0x00000098   Data   RO         2110    .constdata          m_wm.l(atan.o)
    0x08005db8   0x08005db8   0x00000038   Data   RO         2136    .constdata          m_wm.l(log.o)
    0x08005df0   0x08005df0   0x00000088   Data   RO         2162    .constdata          m_wm.l(pow.o)
    0x08005e78   0x08005e78   0x00000030   Data   RO         2494    .constdata          m_wm.l(cos_i.o)
    0x08005ea8   0x08005ea8   0x00000008   Data   RO         2520    .constdata          m_wm.l(qnan.o)
    0x08005eb0   0x08005eb0   0x000000c8   Data   RO         2523    .constdata          m_wm.l(rred.o)
    0x08005f78   0x08005f78   0x00000028   Data   RO         2527    .constdata          m_wm.l(sin_i.o)
    0x08005fa0   0x08005fa0   0x00000060   Data   RO         2545    .constdata          m_wm.l(tan_i.o)
    0x08006000   0x08006000   0x00000020   Data   RO         2595    Region$$Table       anon$$obj.o


    Execution Region RW_IRAM2 (Exec base: 0x10000000, Load base: 0x08006040, Size: 0x00000000, Max: 0x00010000, ABSOLUTE)

    **** No section assigned to this execution region ****


    Execution Region RW_IRAM1 (Exec base: 0x20000000, Load base: 0x08006020, Size: 0x000011a0, Max: 0x00020000, ABSOLUTE)

    Exec Addr    Load Addr    Size         Type   Attr      Idx    E Section Name        Object

    0x20000000   0x08006020   0x00000002   Data   RW           33    .data               main.o
    0x20000002   0x08006022   0x00000002   PAD
    0x20000004   0x08006024   0x00000004   Data   RW          439    .data               calculate.o
    0x20000008   0x08006028   0x0000000c   Data   RW         1813    .data               stm32f4xx_hal.o
    0x20000014   0x08006034   0x00000004   Data   RW         2048    .data               system_stm32f4xx.o
    0x20000018   0x08006038   0x00000004   Data   RW         2566    .data               mc_w.l(stdout.o)
    0x2000001c   0x0800603c   0x00000004   Data   RW         2578    .data               mc_w.l(errno.o)
    0x20000020        -       0x00000116   Zero   RW           32    .bss                main.o
    0x20000136   0x08006040   0x00000002   PAD
    0x20000138        -       0x00000044   Zero   RW          278    .bss                usart.o
    0x2000017c        -       0x0000001e   Zero   RW          437    .bss                calculate.o
    0x2000019a   0x08006040   0x00000006   PAD
    0x200001a0        -       0x00001000   Zero   RW            1    STACK               startup_stm32f407xx.o


==============================================================================

Image component sizes


      Code (inc. data)   RO Data    RW Data    ZI Data      Debug   Object Name

      2102        360        160          4         30      10013   calculate.o
        92          8          0          0          0        867   gpio.o
      1640        260          0          2        278     670130   main.o
        36          8        392          0       4096        828   startup_stm32f407xx.o
       144         24          0         12          0       8725   stm32f4xx_hal.o
       198         14          0          0          0      33903   stm32f4xx_hal_cortex.o
       182          0          0          0          0       2075   stm32f4xx_hal_dma.o
       506         46          0          0          0       2168   stm32f4xx_hal_gpio.o
        64          4          0          0          0        866   stm32f4xx_hal_msp.o
      1348         76          0          0          0       5192   stm32f4xx_hal_rcc.o
      1668         16          0          0          0      11252   stm32f4xx_hal_uart.o
        34          6          0          0          0       5019   stm32f4xx_it.o
        16          4         24          4          0       1103   system_stm32f4xx.o
       180         22          0          0         68       1694   usart.o

    ----------------------------------------------------------------------
      8238        848        612         24       4480     753835   Object Totals
         0          0         32          0          0          0   (incl. Generated)
        28          0          4          2          8          0   (incl. Padding)

    ----------------------------------------------------------------------

      Code (inc. data)   RO Data    RW Data    ZI Data      Debug   Library Member Name

       856        118         80          0          0        288   acos.o
       864         94         80          0          0        280   asin.o
       728        106        152          0          0        228   atan.o
       200         20          0          0          0        164   cos.o
       368         46         48          0          0        200   cos_i.o
       184         44          0          0          0        744   dunder.o
        24          0          0          0          0        124   fabs.o
        48          0          0          0          0        124   fpclassify.o
       980         92         56          0          0        440   log.o
       304         44          0          0          0        200   log10.o
       248          0          0          0          0        152   poly.o
      3152        296        136          0          0        352   pow.o
         0          0          8          0          0          0   qnan.o
      1080        142        200          0          0        188   rred.o
       200         20          0          0          0        164   sin.o
       304         24         40          0          0        208   sin_i.o
       110          0          0          0          0        148   sqrt.o
       128         20          0          0          0        144   tan.o
       848         84         96          0          0        196   tan_i.o
         0          0          0          0          0          0   entry.o
         0          0          0          0          0          0   entry10a.o
         0          0          0          0          0          0   entry11a.o
         4          0          0          0          0          0   entry12b.o
         8          4          0          0          0          0   entry2.o
         4          0          0          0          0          0   entry5.o
         0          0          0          0          0          0   entry7b.o
         0          0          0          0          0          0   entry8b.o
         8          4          0          0          0          0   entry9a.o
        12          6          0          4          0         68   errno.o
        30          0          0          0          0          0   handlers.o
        36          8          0          0          0         68   init.o
         0          0          0          0          0          0   iusefp.o
        30          0          0          0          0         68   llshl.o
        36          0          0          0          0         68   llsshr.o
        32          0          0          0          0         68   llushr.o
        36          0          0          0          0         68   memcpya.o
        36          0          0          0          0        108   memseta.o
      2268         96          0          0          0        616   printfa.o
         0          0          0          4          0          0   stdout.o
        24          0          0          0          0         68   strcat.o
        18          0          0          0          0         68   strcpy.o
        14          0          0          0          0         68   strlen.o
        40          0          0          0          0         76   strncat.o
        44          0          0          0          0         80   uidiv.o
        98          0          0          0          0         92   uldiv.o
        48          0          0          0          0         68   cdcmple.o
        48          0          0          0          0         68   cdrcmple.o
       334          0          0          0          0        148   dadd.o
       222          0          0          0          0        100   ddiv.o
       186          0          0          0          0        176   depilogue.o
        62          0          0          0          0         80   dfixi.o
        48          0          0          0          0         68   dfixul.o
        34          0          0          0          0         76   dflti.o
        26          0          0          0          0         76   dfltui.o
       228          0          0          0          0         96   dmul.o
        46          0          0          0          0         80   dscalb.o
       162          0          0          0          0        100   dsqrt.o

    ----------------------------------------------------------------------
     14862       1272        896          8          0       7064   Library Totals
        14          4          0          0          0          0   (incl. Padding)

    ----------------------------------------------------------------------

      Code (inc. data)   RO Data    RW Data    ZI Data      Debug   Library Name

     10626       1150        896          0          0       4344   m_wm.l
      2778        118          0          8          0       1584   mc_w.l
      1444          0          0          0          0       1136   mf_w.l

    ----------------------------------------------------------------------
     14862       1272        896          8          0       7064   Library Totals

    ----------------------------------------------------------------------

==============================================================================


      Code (inc. data)   RO Data    RW Data    ZI Data      Debug   

     23100       2120       1508         32       4480     750247   Grand Totals
     23100       2120       1508         32       4480     750247   ELF Image Totals
     23100       2120       1508         32          0          0   ROM Totals

==============================================================================

    Total RO  Size (Code + RO Data)                24608 (  24.03kB)
    Total RW  Size (RW Data + ZI Data)              4512 (   4.41kB)
    Total ROM Size (Code + RO Data + RW Data)      24640 (  24.06kB)

==============================================================================

