<html>
<body>
<pre>
<h1>µVision Build Log</h1>
<h2>Tool Versions:</h2>
IDE-Version: ¦ÌVision V5.36.0.0
Copyright (C) 2021 ARM Ltd and ARM Germany GmbH. All rights reserved.
License Information: Nuo Tian, Mium Studio, LIC=----
 
Tool Versions:
Toolchain:       MDK-Lite  Version: 5.36.0.0
Toolchain Path:  D:\Keil_v5\ARM\ARMCC\Bin
C Compiler:      Armcc.exe V5.06 update 7 (build 960)
Assembler:       Armasm.exe V5.06 update 7 (build 960)
Linker/Locator:  ArmLink.exe V5.06 update 7 (build 960)
Library Manager: ArmAr.exe V5.06 update 7 (build 960)
Hex Converter:   FromElf.exe V5.06 update 7 (build 960)
CPU DLL:         SARMCM3.DLL V5.36.0.0
Dialog DLL:      DCM.DLL V1.17.3.0
Target DLL:      STLink\ST-LINKIII-KEIL_SWO.dll V3.0.9.0
Dialog DLL:      TCM.DLL V1.53.0.0
 
<h2>Project:</h2>
E:\STM32\CalculatorKeil\STM32\MDK-ARM\calculate.uvprojx
Project File Date:  12/04/2021

<h2>Output:</h2>
*** Using Compiler 'V5.06 update 7 (build 960)', folder: 'D:\Keil_v5\ARM\ARMCC\Bin'
Build target 'calculate'
assembling startup_stm32f407xx.s...
compiling calculate.c...
..\Core\Src\calculate.c(142): warning:  #1293-D: assignment in condition
  		if (*len = cmp(p, fu[i]))
..\Core\Src\calculate.c(262): warning:  #1293-D: assignment in condition
  					if (len = calculate(n + 1, &x))
..\Core\Src\calculate.c: 2 warnings, 0 errors
compiling stm32f4xx_hal_msp.c...
compiling stm32f4xx_hal_dma_ex.c...
compiling stm32f4xx_hal_flash_ex.c...
compiling stm32f4xx_it.c...
compiling stm32f4xx_hal_rcc.c...
compiling stm32f4xx_hal_tim.c...
compiling stm32f4xx_hal_flash_ramfunc.c...
compiling gpio.c...
compiling usart.c...
compiling main.c...
../Core/Src/main.c(34): warning:  #1295-D: Deprecated declaration initItem - give arg types
  void initItem();
../Core/Src/main.c: 1 warning, 0 errors
compiling stm32f4xx_hal_tim_ex.c...
compiling stm32f4xx_hal_uart.c...
compiling stm32f4xx_hal_gpio.c...
compiling stm32f4xx_hal_rcc_ex.c...
compiling stm32f4xx_hal_flash.c...
compiling system_stm32f4xx.c...
compiling stm32f4xx_hal.c...
compiling stm32f4xx_hal_pwr.c...
compiling stm32f4xx_hal_cortex.c...
compiling stm32f4xx_hal_pwr_ex.c...
compiling stm32f4xx_hal_dma.c...
compiling stm32f4xx_hal_exti.c...
linking...
Program Size: Code=23032 RO-data=1504 RW-data=32 ZI-data=4480  
FromELF: creating hex file...
"test2\calculate.axf" - 0 Error(s), 3 Warning(s).

<h2>Software Packages used:</h2>

Package Vendor: ARM
                http://www.keil.com/pack/ARM.CMSIS.5.8.0.pack
                ARM.CMSIS.5.8.0
                CMSIS (Common Microcontroller Software Interface Standard)
   * Component: CORE Version: 5.5.0

Package Vendor: Keil
                http://www.keil.com/pack/Keil.STM32F4xx_DFP.2.15.0.pack
                Keil.STM32F4xx_DFP.2.15.0
                STMicroelectronics STM32F4 Series Device Support, Drivers and Examples

<h2>Collection of Component include folders:</h2>
  .\RTE\_calculate
  D:\Arm\Packs\ARM\CMSIS\5.8.0\CMSIS\Core\Include
  D:\Arm\Packs\Keil\STM32F4xx_DFP\2.15.0\Drivers\CMSIS\Device\ST\STM32F4xx\Include

<h2>Collection of Component Files used:</h2>

   * Component: ARM::CMSIS:CORE:5.5.0
      Include file:  CMSIS\Core\Include\tz_context.h
Build Time Elapsed:  00:00:08
</pre>
</body>
</html>
